[element-web-harness] Starting Element Web overlay on top of existing synapse-rust stack
 Container synapse-element-web Running 
 Container synapse-postgres Running 
 Container synapse-redis Running 
 Container synapse-rust Running 
 Container synapse-nginx Running 
 Container synapse-redis Waiting 
 Container synapse-postgres Waiting 
 Container synapse-redis Healthy 
 Container synapse-postgres Healthy 
 Container synapse-element-web Waiting 
 Container synapse-rust Waiting 
 Container synapse-rust Healthy 
 Container synapse-element-web Healthy 
[element-web-harness] Waiting for Matrix HTTPS endpoint
[element-web-harness] Waiting for Element Web
[element-web-harness] Registered test user @elementweb_1781097433_16101:matrix.test
[element-web-harness] Running Element Web test: test:basic

> element-web-harness@0.1.0 test:basic
> node basic-interactions.mjs

[element-web] opening https://element.test/#/login
[element-web:debug] Initialised rageshake.
[element-web:debug] To fix line numbers in Chrome: Meatball menu → Settings → Ignore list → Add /rageshake\.ts & /logger\.ts$
[element-web:debug] Using Web platform
[element-web:pageerror] ReferenceError: Cannot access 'B' before initialization
    at Object.J (https://element.test/bundles/cf3bb8c0811189dfa3be/init.js:1:63156)
    at y.start (https://element.test/bundles/cf3bb8c0811189dfa3be/init.js:1:1350110)
    at get instance (https://element.test/bundles/cf3bb8c0811189dfa3be/init.js:1:1467348)
    at ./src/stores/widgets/WidgetLayoutStore.ts (https://element.test/bundles/cf3bb8c0811189dfa3be/init.js:1:1475314)
    at a (https://element.test/bundles/cf3bb8c0811189dfa3be/bundle.js:2:17066)
    at ./src/utils/WidgetUtils.ts (https://element.test/bundles/cf3bb8c0811189dfa3be/init.js:1:1582744)
    at a (https://element.test/bundles/cf3bb8c0811189dfa3be/bundle.js:2:17066)
    at ./src/stores/ActiveWidgetStore.ts (https://element.test/bundles/cf3bb8c0811189dfa3be/init.js:1:1323398)
    at a (https://element.test/bundles/cf3bb8c0811189dfa3be/bundle.js:2:17066)
    at ./src/stores/WidgetStore.ts (https://element.test/bundles/cf3bb8c0811189dfa3be/init.js:1:1355058)
[element-web:pageerror] ReferenceError: Cannot access 'B' before initialization
    at Object.J (https://element.test/bundles/cf3bb8c0811189dfa3be/init.js:1:63156)
    at l.start (https://element.test/bundles/cf3bb8c0811189dfa3be/init.js:1:1350110)
    at d.start (https://element.test/bundles/cf3bb8c0811189dfa3be/init.js:1:1327098)
    at https://element.test/bundles/cf3bb8c0811189dfa3be/init.js:1:1519871
    at ./src/stores/widgets/WidgetMessagingStore.ts (https://element.test/bundles/cf3bb8c0811189dfa3be/init.js:1:1519882)
    at a (https://element.test/bundles/cf3bb8c0811189dfa3be/bundle.js:2:17066)
    at ./src/stores/ActiveWidgetStore.ts (https://element.test/bundles/cf3bb8c0811189dfa3be/init.js:1:1323432)
    at a (https://element.test/bundles/cf3bb8c0811189dfa3be/bundle.js:2:17066)
    at ./src/stores/WidgetStore.ts (https://element.test/bundles/cf3bb8c0811189dfa3be/init.js:1:1355058)
    at a (https://element.test/bundles/cf3bb8c0811189dfa3be/bundle.js:2:17066)
[element-web:pageerror] ReferenceError: Cannot access 'B' before initialization
    at Object.J (https://element.test/bundles/cf3bb8c0811189dfa3be/init.js:1:63156)
    at l.start (https://element.test/bundles/cf3bb8c0811189dfa3be/init.js:1:1350110)
    at h.start (https://element.test/bundles/cf3bb8c0811189dfa3be/init.js:1:1327098)
    at https://element.test/bundles/cf3bb8c0811189dfa3be/init.js:1:1358258
    at ./src/stores/WidgetStore.ts (https://element.test/bundles/cf3bb8c0811189dfa3be/init.js:1:1358269)
    at a (https://element.test/bundles/cf3bb8c0811189dfa3be/bundle.js:2:17066)
    at ./src/modules/ModuleRunner.ts (https://element.test/bundles/cf3bb8c0811189dfa3be/init.js:1:1201994)
    at a (https://element.test/bundles/cf3bb8c0811189dfa3be/bundle.js:2:17066)
    at ./src/SecurityManager.ts (https://element.test/bundles/cf3bb8c0811189dfa3be/init.js:1:126865)
    at a (https://element.test/bundles/cf3bb8c0811189dfa3be/bundle.js:2:17066)
[element-web:error] Failed to load resource: the server responded with a status of 404 ()
[element-web:warning] No bug report endpoint set - logs will not be persisted
[element-web:debug] returning explicit theme: light
[element-web:debug] returning explicit theme: light
[element-web:debug] set language to en
[element-web:debug] Application is running in production mode
[element-web:debug] Vector starting at https://element.test/
[element-web:log] startUpdater, current version is 1.12.21
[element-web:debug] Verifying homeserver configuration
[element-web:debug] Config uses a default_server_config - validating object
[element-web:log] No update available, already on 1.12.21
[element-web:debug] FetchHttpApi: --> GET https://matrix.test/_matrix/client/versions
[element-web:debug] FetchHttpApi: <-- GET https://matrix.test/_matrix/client/versions [3ms 200]
[element-web:debug] FetchHttpApi: --> GET https://matrix.test/_matrix/client/unstable/org.matrix.msc2965/auth_metadata
[element-web:debug] FetchHttpApi: <-- GET https://matrix.test/_matrix/client/unstable/org.matrix.msc2965/auth_metadata [3ms 200]
[element-web:debug] Using homeserver config: {hsUrl: https://matrix.test, hsName: matrix.test, hsNameIsDifferent: false, isUrl: undefined, isDefault: true}
[element-web:debug] Updating SdkConfig with validated discovery information
[element-web:debug] returning explicit theme: light
[element-web:info] checkSessionLockFree No other session has the lock
[element-web:info] getSessionLock[b71e32cc-5bd7-43c4-863d-c70dd04147a5] No other session has the lock: proceeding with startup
[element-web:debug] No previous session found.
[element-web:debug] showScreenAfterLogin: showing screen login
[element-web:debug] showScreen login
[element-web:debug] MatrixChat: handling action view_welcome_page
[element-web:debug] MatrixChat: Queuing change of view from LOADING to WELCOME
[element-web:debug] newscreen welcome
[element-web:debug] MatrixChat: handling action start_login
[element-web:debug] MatrixChat: Queuing change of view from LOADING to LOGIN
[element-web:warning] Recording already started for: mx_PageChange
[element-web:debug] newscreen login
[element-web:debug] FetchHttpApi: --> GET https://matrix.test/_matrix/client/versions
[element-web:debug] FetchHttpApi: <-- GET https://matrix.test/_matrix/client/versions [4ms 200]
[element-web:debug] FetchHttpApi: --> GET https://matrix.test/_matrix/client/unstable/org.matrix.msc2965/auth_metadata
[element-web:debug] FetchHttpApi: <-- GET https://matrix.test/_matrix/client/unstable/org.matrix.msc2965/auth_metadata [5ms 200]
[element-web:error] Failed to get oidc native flow Error: Dynamic registration not supported
    at d (https://element.test/bundles/cf3bb8c0811189dfa3be/7837.js:2:346785)
    at https://element.test/bundles/cf3bb8c0811189dfa3be/element-web-app.js:1:38545
    at async P (https://element.test/bundles/cf3bb8c0811189dfa3be/element-web-app.js:1:38293)
    at async T.getFlows (https://element.test/bundles/cf3bb8c0811189dfa3be/element-web-app.js:1:37189)
[element-web:debug] FetchHttpApi: --> GET https://matrix.test/_matrix/client/v3/login
[element-web:debug] FetchHttpApi: <-- GET https://matrix.test/_matrix/client/v3/login [4ms 200]
[element-web:debug] Skipping flow {type: m.login.token} due to unsupported login type m.login.token
[element-web:debug] FetchHttpApi: --> POST https://matrix.test/_matrix/client/v3/login
[element-web:debug] FetchHttpApi: <-- POST https://matrix.test/_matrix/client/v3/login [164ms 200]
[element-web:debug] Overrode homeserver setting with https://matrix.test from login response
[element-web:debug] Created pickle key for @elementweb_1781097433_16101:matrix.test|XemXr3K0V0JPhJWV
[element-web:debug] setLoggedIn: mxid: @elementweb_1781097433_16101:matrix.test deviceId: XemXr3K0V0JPhJWV guest: false hs: https://matrix.test softLogout: false  freshLogin: true
[element-web] Detected setLoggedIn in console!
[element-web] login smoke passed
[element-web:info] Clearing storage, deleteEverything=undefined
[element-web:debug] Removing indexeddb instance: matrix-js-sdk:crypto
[element-web:info] Removing IndexedDB instance matrix-js-sdk::matrix-sdk-crypto
[element-web:debug] Removed indexeddb instance: matrix-js-sdk:crypto
[element-web:info] Removed IndexedDB instance matrix-js-sdk::matrix-sdk-crypto
[element-web:info] Removing IndexedDB instance matrix-js-sdk::matrix-sdk-crypto-meta
[element-web:info] Removed IndexedDB instance matrix-js-sdk::matrix-sdk-crypto-meta
[element-web:debug] IndexedDB worker is ready
[element-web:debug] Removing indexeddb instance: matrix-js-sdk:riot-web-sync
[element-web:debug] Removed indexeddb instance: matrix-js-sdk:riot-web-sync
[element-web:debug] Deleted indexeddb data.
[element-web:debug] StorageManager: Checking storage consistency
[element-web:debug] StorageManager: Local storage supported? true
[element-web:debug] StorageManager: IndexedDB supported? true
[element-web:debug] StorageManager: Local storage contains data? true
[element-web:debug] StorageManager: Crypto initialised? false
[element-web:debug] StorageManager: Sync store using IndexedDB contains data? false
[element-web:debug] StorageManager: Rust Crypto store using IndexedDB contains data? false
[element-web:debug] StorageManager: Legacy Crypto store using IndexedDB contains non migrated data? false
[element-web:debug] StorageManager: Storage consistency checks passed
[element-web:debug] No refresh token was supplied: access token will not be refreshed
[element-web:debug] Session persisted for @elementweb_1781097433_16101:matrix.test
[element-web:debug] Lifecycle: Starting MatrixClient
[element-web:debug] MatrixChat: handling action will_start_client
[element-web:debug] EventIndex: Platform doesn't support event indexing, not initializing.
[element-web:debug] IndexedDBStore.startup: connecting to backend
[element-web:debug] MatrixClientPeg: waiting for MatrixClient store to initialise
[element-web:debug] FetchHttpApi: --> GET https://matrix.test/_matrix/client/v3/thirdparty/protocols
[element-web:debug] MatrixChat: handling action on_logged_in
[element-web:debug] MatrixChat: handling action do_after_sync_prepared
[element-web:debug] StorageManager: Persistent? false
[element-web:debug] FetchHttpApi: <-- GET https://matrix.test/_matrix/client/v3/thirdparty/protocols [6ms 200]
[element-web:debug] IndexedDB worker is ready
[element-web:debug] LocalIndexedDBStoreBackend.connect: connecting...
[element-web:debug] LocalIndexedDBStoreBackend.connect: awaiting connection...
[element-web:debug] LocalIndexedDBStoreBackend.connect: upgrading from 0
[element-web:debug] LocalIndexedDBStoreBackend.connect: connected
[element-web:debug] LocalIndexedDBStoreBackend: loading account data...
[element-web:debug] LocalIndexedDBStoreBackend: loading sync data...
[element-web:debug] LocalIndexedDBStoreBackend: loaded account data
[element-web:debug] LocalIndexedDBStoreBackend: loaded sync data
[element-web:debug] LocalIndexedDBStoreBackend: loaded initial data
[element-web:debug] IndexedDBStore.startup: loading presence events
[element-web:debug] IndexedDBStore.startup: processing presence events
[element-web:debug] Downloading Rust crypto library
[element-web:debug] Initialising Rust crypto-sdk WASM artifact
[element-web] Screenshot saved: /Users/ljf/Desktop/hu_ts/synapse-rust/artifacts/e2ee-interop-basic/element-web-after-login-1781097437057.png
[element-web] trying to create a new room...
[element-web:debug] Opening Rust CryptoStore
[element-web:debug] DEBUG matrix_sdk_indexeddb::crypto_store: IndexedDbCryptoStore: Opening meta-store matrix-js-sdk::matrix-sdk-crypto-meta
    at /home/runner/.cargo/registry/src/index.crates.io-1949cf8c6b5b557f/matrix-sdk-indexeddb-0.18.0/src/crypto_store/mod.rs:1767
[element-web:debug] DEBUG matrix_sdk_indexeddb::crypto_store: IndexedDbCryptoStore: encrypting new store cipher
    at /home/runner/.cargo/registry/src/index.crates.io-1949cf8c6b5b557f/matrix-sdk-indexeddb-0.18.0/src/crypto_store/mod.rs:454
[element-web:debug] DEBUG matrix_sdk_indexeddb::crypto_store: IndexedDbCryptoStore: opening main store matrix-js-sdk::matrix-sdk-crypto
    at /home/runner/.cargo/registry/src/index.crates.io-1949cf8c6b5b557f/matrix-sdk-indexeddb-0.18.0/src/crypto_store/mod.rs:356
[element-web:info] INFO matrix_sdk_indexeddb::crypto_store::migrations: IndexeddbCryptoStore upgrade schema -> v5 starting
    at /home/runner/.cargo/registry/src/index.crates.io-1949cf8c6b5b557f/matrix-sdk-indexeddb-0.18.0/src/crypto_store/migrations/mod.rs:255
[element-web:info] INFO matrix_sdk_indexeddb::crypto_store::migrations: IndexeddbCryptoStore upgrade schema -> v5 complete
    at /home/runner/.cargo/registry/src/index.crates.io-1949cf8c6b5b557f/matrix-sdk-indexeddb-0.18.0/src/crypto_store/migrations/mod.rs:269
[element-web:info] INFO matrix_sdk_indexeddb::crypto_store::migrations: IndexeddbCryptoStore upgrade schema -> v6 starting
    at /home/runner/.cargo/registry/src/index.crates.io-1949cf8c6b5b557f/matrix-sdk-indexeddb-0.18.0/src/crypto_store/migrations/mod.rs:255
[element-web:info] INFO matrix_sdk_indexeddb::crypto_store::migrations: IndexeddbCryptoStore upgrade schema -> v6 complete
    at /home/runner/.cargo/registry/src/index.crates.io-1949cf8c6b5b557f/matrix-sdk-indexeddb-0.18.0/src/crypto_store/migrations/mod.rs:269
[element-web:info] INFO matrix_sdk_indexeddb::crypto_store::migrations: IndexeddbCryptoStore migrate data before v7 starting
    at /home/runner/.cargo/registry/src/index.crates.io-1949cf8c6b5b557f/matrix-sdk-indexeddb-0.18.0/src/crypto_store/migrations/mod.rs:57
[element-web:info] INFO matrix_sdk_indexeddb::crypto_store::migrations::v5_to_v7: Migrating inbound group session data from v1 to v2
    row_count=0
    at /home/runner/.cargo/registry/src/index.crates.io-1949cf8c6b5b557f/matrix-sdk-indexeddb-0.18.0/src/crypto_store/migrations/v5_to_v7.rs:69
[element-web:info] INFO matrix_sdk_indexeddb::crypto_store::migrations: IndexeddbCryptoStore migrate data before v7 finished
    at /home/runner/.cargo/registry/src/index.crates.io-1949cf8c6b5b557f/matrix-sdk-indexeddb-0.18.0/src/crypto_store/migrations/mod.rs:73
[element-web:info] INFO matrix_sdk_indexeddb::crypto_store::migrations: IndexeddbCryptoStore upgrade schema -> v7 starting
    at /home/runner/.cargo/registry/src/index.crates.io-1949cf8c6b5b557f/matrix-sdk-indexeddb-0.18.0/src/crypto_store/migrations/mod.rs:255
[element-web:info] INFO matrix_sdk_indexeddb::crypto_store::migrations: IndexeddbCryptoStore upgrade schema -> v7 complete
    at /home/runner/.cargo/registry/src/index.crates.io-1949cf8c6b5b557f/matrix-sdk-indexeddb-0.18.0/src/crypto_store/migrations/mod.rs:269
[element-web:info] INFO matrix_sdk_indexeddb::crypto_store::migrations: IndexeddbCryptoStore migrate data before v8 starting
    at /home/runner/.cargo/registry/src/index.crates.io-1949cf8c6b5b557f/matrix-sdk-indexeddb-0.18.0/src/crypto_store/migrations/mod.rs:57
[element-web:info] INFO matrix_sdk_indexeddb::crypto_store::migrations::v7_to_v8: Fixing inbound group session data keys
    row_count=0
    at /home/runner/.cargo/registry/src/index.crates.io-1949cf8c6b5b557f/matrix-sdk-indexeddb-0.18.0/src/crypto_store/migrations/v7_to_v8.rs:49
[element-web:info] INFO matrix_sdk_indexeddb::crypto_store::migrations: IndexeddbCryptoStore migrate data before v8 finished
    at /home/runner/.cargo/registry/src/index.crates.io-1949cf8c6b5b557f/matrix-sdk-indexeddb-0.18.0/src/crypto_store/migrations/mod.rs:73
[element-web:info] INFO matrix_sdk_indexeddb::crypto_store::migrations: IndexeddbCryptoStore upgrade schema -> v8 starting
    at /home/runner/.cargo/registry/src/index.crates.io-1949cf8c6b5b557f/matrix-sdk-indexeddb-0.18.0/src/crypto_store/migrations/mod.rs:255
[element-web:info] INFO matrix_sdk_indexeddb::crypto_store::migrations: IndexeddbCryptoStore upgrade schema -> v8 complete
    at /home/runner/.cargo/registry/src/index.crates.io-1949cf8c6b5b557f/matrix-sdk-indexeddb-0.18.0/src/crypto_store/migrations/mod.rs:269
[element-web:info] INFO matrix_sdk_indexeddb::crypto_store::migrations: IndexeddbCryptoStore upgrade schema -> v9 starting
    at /home/runner/.cargo/registry/src/index.crates.io-1949cf8c6b5b557f/matrix-sdk-indexeddb-0.18.0/src/crypto_store/migrations/mod.rs:255
[element-web:info] INFO matrix_sdk_indexeddb::crypto_store::migrations: IndexeddbCryptoStore upgrade schema -> v9 complete
    at /home/runner/.cargo/registry/src/index.crates.io-1949cf8c6b5b557f/matrix-sdk-indexeddb-0.18.0/src/crypto_store/migrations/mod.rs:269
[element-web:info] INFO matrix_sdk_indexeddb::crypto_store::migrations: IndexeddbCryptoStore migrate data before v10 starting
    at /home/runner/.cargo/registry/src/index.crates.io-1949cf8c6b5b557f/matrix-sdk-indexeddb-0.18.0/src/crypto_store/migrations/mod.rs:57
[element-web:info] INFO matrix_sdk_indexeddb::crypto_store::migrations::v8_to_v10: Shrinking inbound_group_session records
    row_count=0
    at /home/runner/.cargo/registry/src/index.crates.io-1949cf8c6b5b557f/matrix-sdk-indexeddb-0.18.0/src/crypto_store/migrations/v8_to_v10.rs:76
[element-web:info] INFO matrix_sdk_indexeddb::crypto_store::migrations: IndexeddbCryptoStore migrate data before v10 finished
    at /home/runner/.cargo/registry/src/index.crates.io-1949cf8c6b5b557f/matrix-sdk-indexeddb-0.18.0/src/crypto_store/migrations/mod.rs:73
[element-web:info] INFO matrix_sdk_indexeddb::crypto_store::migrations: IndexeddbCryptoStore upgrade schema -> v10 starting
    at /home/runner/.cargo/registry/src/index.crates.io-1949cf8c6b5b557f/matrix-sdk-indexeddb-0.18.0/src/crypto_store/migrations/mod.rs:255
[element-web:info] INFO matrix_sdk_indexeddb::crypto_store::migrations: IndexeddbCryptoStore upgrade schema -> v10 complete
    at /home/runner/.cargo/registry/src/index.crates.io-1949cf8c6b5b557f/matrix-sdk-indexeddb-0.18.0/src/crypto_store/migrations/mod.rs:269
[element-web:info] INFO matrix_sdk_indexeddb::crypto_store::migrations: IndexeddbCryptoStore migrate data before v11 starting
    at /home/runner/.cargo/registry/src/index.crates.io-1949cf8c6b5b557f/matrix-sdk-indexeddb-0.18.0/src/crypto_store/migrations/mod.rs:57
[element-web:info] INFO matrix_sdk_indexeddb::crypto_store::migrations: IndexeddbCryptoStore migrate data before v11 finished
    at /home/runner/.cargo/registry/src/index.crates.io-1949cf8c6b5b557f/matrix-sdk-indexeddb-0.18.0/src/crypto_store/migrations/mod.rs:73
[element-web:info] INFO matrix_sdk_indexeddb::crypto_store::migrations: IndexeddbCryptoStore upgrade schema -> v11 starting
    at /home/runner/.cargo/registry/src/index.crates.io-1949cf8c6b5b557f/matrix-sdk-indexeddb-0.18.0/src/crypto_store/migrations/mod.rs:255
[element-web:info] INFO matrix_sdk_indexeddb::crypto_store::migrations: IndexeddbCryptoStore upgrade schema -> v11 complete
    at /home/runner/.cargo/registry/src/index.crates.io-1949cf8c6b5b557f/matrix-sdk-indexeddb-0.18.0/src/crypto_store/migrations/mod.rs:269
[element-web:info] INFO matrix_sdk_indexeddb::crypto_store::migrations: IndexeddbCryptoStore upgrade schema -> v12 starting
    at /home/runner/.cargo/registry/src/index.crates.io-1949cf8c6b5b557f/matrix-sdk-indexeddb-0.18.0/src/crypto_store/migrations/mod.rs:255
[element-web:info] INFO matrix_sdk_indexeddb::crypto_store::migrations: IndexeddbCryptoStore upgrade schema -> v12 complete
    at /home/runner/.cargo/registry/src/index.crates.io-1949cf8c6b5b557f/matrix-sdk-indexeddb-0.18.0/src/crypto_store/migrations/mod.rs:269
[element-web:info] INFO matrix_sdk_indexeddb::crypto_store::migrations: IndexeddbCryptoStore upgrade schema -> v13 starting
    at /home/runner/.cargo/registry/src/index.crates.io-1949cf8c6b5b557f/matrix-sdk-indexeddb-0.18.0/src/crypto_store/migrations/mod.rs:255
[element-web:info] INFO matrix_sdk_indexeddb::crypto_store::migrations: IndexeddbCryptoStore upgrade schema -> v13 complete
    at /home/runner/.cargo/registry/src/index.crates.io-1949cf8c6b5b557f/matrix-sdk-indexeddb-0.18.0/src/crypto_store/migrations/mod.rs:269
[element-web:info] INFO matrix_sdk_indexeddb::crypto_store::migrations: IndexeddbCryptoStore migrate data before v14 starting
    at /home/runner/.cargo/registry/src/index.crates.io-1949cf8c6b5b557f/matrix-sdk-indexeddb-0.18.0/src/crypto_store/migrations/mod.rs:57
[element-web:info] INFO matrix_sdk_indexeddb::crypto_store::migrations: IndexeddbCryptoStore migrate data before v14 finished
    at /home/runner/.cargo/registry/src/index.crates.io-1949cf8c6b5b557f/matrix-sdk-indexeddb-0.18.0/src/crypto_store/migrations/mod.rs:73
[element-web:info] INFO matrix_sdk_indexeddb::crypto_store::migrations: IndexeddbCryptoStore upgrade schema -> v14 starting
    at /home/runner/.cargo/registry/src/index.crates.io-1949cf8c6b5b557f/matrix-sdk-indexeddb-0.18.0/src/crypto_store/migrations/mod.rs:255
[element-web:info] INFO matrix_sdk_indexeddb::crypto_store::migrations: IndexeddbCryptoStore upgrade schema -> v14 complete
    at /home/runner/.cargo/registry/src/index.crates.io-1949cf8c6b5b557f/matrix-sdk-indexeddb-0.18.0/src/crypto_store/migrations/mod.rs:269
[element-web:info] INFO matrix_sdk_indexeddb::crypto_store::migrations: IndexeddbCryptoStore upgrade schema -> v100 starting
    at /home/runner/.cargo/registry/src/index.crates.io-1949cf8c6b5b557f/matrix-sdk-indexeddb-0.18.0/src/crypto_store/migrations/mod.rs:255
[element-web:info] INFO matrix_sdk_indexeddb::crypto_store::migrations: IndexeddbCryptoStore upgrade schema -> v100 complete
    at /home/runner/.cargo/registry/src/index.crates.io-1949cf8c6b5b557f/matrix-sdk-indexeddb-0.18.0/src/crypto_store/migrations/mod.rs:269
[element-web:info] INFO matrix_sdk_indexeddb::crypto_store::migrations: IndexeddbCryptoStore migrate data before v10 starting
    at /home/runner/.cargo/registry/src/index.crates.io-1949cf8c6b5b557f/matrix-sdk-indexeddb-0.18.0/src/crypto_store/migrations/mod.rs:57
[element-web:info] INFO matrix_sdk_indexeddb::crypto_store::migrations::v14_to_v101: Migrating withheld_sessions data
    row_count=0
    at /home/runner/.cargo/registry/src/index.crates.io-1949cf8c6b5b557f/matrix-sdk-indexeddb-0.18.0/src/crypto_store/migrations/v14_to_v101.rs:56
[element-web:info] INFO matrix_sdk_indexeddb::crypto_store::migrations: IndexeddbCryptoStore migrate data before v10 finished
    at /home/runner/.cargo/registry/src/index.crates.io-1949cf8c6b5b557f/matrix-sdk-indexeddb-0.18.0/src/crypto_store/migrations/mod.rs:73
[element-web:info] INFO matrix_sdk_indexeddb::crypto_store::migrations: IndexeddbCryptoStore upgrade schema -> v101 starting
    at /home/runner/.cargo/registry/src/index.crates.io-1949cf8c6b5b557f/matrix-sdk-indexeddb-0.18.0/src/crypto_store/migrations/mod.rs:255
[element-web:info] INFO matrix_sdk_indexeddb::crypto_store::migrations: IndexeddbCryptoStore upgrade schema -> v101 complete
    at /home/runner/.cargo/registry/src/index.crates.io-1949cf8c6b5b557f/matrix-sdk-indexeddb-0.18.0/src/crypto_store/migrations/mod.rs:269
[element-web:info] INFO matrix_sdk_indexeddb::crypto_store::migrations: IndexeddbCryptoStore upgrade schema -> v102 starting
    at /home/runner/.cargo/registry/src/index.crates.io-1949cf8c6b5b557f/matrix-sdk-indexeddb-0.18.0/src/crypto_store/migrations/mod.rs:255
[element-web:info] INFO matrix_sdk_indexeddb::crypto_store::migrations: IndexeddbCryptoStore upgrade schema -> v102 complete
    at /home/runner/.cargo/registry/src/index.crates.io-1949cf8c6b5b557f/matrix-sdk-indexeddb-0.18.0/src/crypto_store/migrations/mod.rs:269
[element-web:info] INFO matrix_sdk_indexeddb::crypto_store::migrations: IndexeddbCryptoStore upgrade schema -> v103 starting
    at /home/runner/.cargo/registry/src/index.crates.io-1949cf8c6b5b557f/matrix-sdk-indexeddb-0.18.0/src/crypto_store/migrations/mod.rs:255
[element-web:info] INFO matrix_sdk_indexeddb::crypto_store::migrations: IndexeddbCryptoStore upgrade schema -> v103 complete
    at /home/runner/.cargo/registry/src/index.crates.io-1949cf8c6b5b557f/matrix-sdk-indexeddb-0.18.0/src/crypto_store/migrations/mod.rs:269
[element-web:info] INFO matrix_sdk_indexeddb::crypto_store::migrations: IndexeddbCryptoStore upgrade schema -> v104 starting
    at /home/runner/.cargo/registry/src/index.crates.io-1949cf8c6b5b557f/matrix-sdk-indexeddb-0.18.0/src/crypto_store/migrations/mod.rs:255
[element-web:info] INFO matrix_sdk_indexeddb::crypto_store::migrations: IndexeddbCryptoStore upgrade schema -> v104 complete
    at /home/runner/.cargo/registry/src/index.crates.io-1949cf8c6b5b557f/matrix-sdk-indexeddb-0.18.0/src/crypto_store/migrations/mod.rs:269
[element-web:info] INFO matrix_sdk_indexeddb::crypto_store::migrations: IndexeddbCryptoStore migrate data before v105 starting
    at /home/runner/.cargo/registry/src/index.crates.io-1949cf8c6b5b557f/matrix-sdk-indexeddb-0.18.0/src/crypto_store/migrations/mod.rs:57
[element-web:info] INFO matrix_sdk_indexeddb::crypto_store::migrations: IndexeddbCryptoStore migrate data before v105 finished
    at /home/runner/.cargo/registry/src/index.crates.io-1949cf8c6b5b557f/matrix-sdk-indexeddb-0.18.0/src/crypto_store/migrations/mod.rs:73
[element-web:info] INFO matrix_sdk_indexeddb::crypto_store::migrations: IndexeddbCryptoStore upgrade schema -> v105 starting
    at /home/runner/.cargo/registry/src/index.crates.io-1949cf8c6b5b557f/matrix-sdk-indexeddb-0.18.0/src/crypto_store/migrations/mod.rs:255
[element-web:info] INFO matrix_sdk_indexeddb::crypto_store::migrations: IndexeddbCryptoStore upgrade schema -> v105 complete
    at /home/runner/.cargo/registry/src/index.crates.io-1949cf8c6b5b557f/matrix-sdk-indexeddb-0.18.0/src/crypto_store/migrations/mod.rs:269
[element-web:info] INFO matrix_sdk_indexeddb::crypto_store::migrations: IndexeddbCryptoStore upgrade schema -> v106 starting
    at /home/runner/.cargo/registry/src/index.crates.io-1949cf8c6b5b557f/matrix-sdk-indexeddb-0.18.0/src/crypto_store/migrations/mod.rs:255
[element-web:info] INFO matrix_sdk_indexeddb::crypto_store::migrations: IndexeddbCryptoStore upgrade schema -> v106 complete
    at /home/runner/.cargo/registry/src/index.crates.io-1949cf8c6b5b557f/matrix-sdk-indexeddb-0.18.0/src/crypto_store/migrations/mod.rs:269
[element-web:info] INFO matrix_sdk_indexeddb::crypto_store::migrations: IndexeddbCryptoStore migrate data before v11 starting
    at /home/runner/.cargo/registry/src/index.crates.io-1949cf8c6b5b557f/matrix-sdk-indexeddb-0.18.0/src/crypto_store/migrations/mod.rs:57
[element-web:info] INFO matrix_sdk_indexeddb::crypto_store::migrations: IndexeddbCryptoStore migrate data before v11 finished
    at /home/runner/.cargo/registry/src/index.crates.io-1949cf8c6b5b557f/matrix-sdk-indexeddb-0.18.0/src/crypto_store/migrations/mod.rs:73
[element-web:info] INFO matrix_sdk_indexeddb::crypto_store::migrations: IndexeddbCryptoStore upgrade schema -> v107 starting
    at /home/runner/.cargo/registry/src/index.crates.io-1949cf8c6b5b557f/matrix-sdk-indexeddb-0.18.0/src/crypto_store/migrations/mod.rs:255
[element-web:info] INFO matrix_sdk_indexeddb::crypto_store::migrations: IndexeddbCryptoStore upgrade schema -> v107 complete
    at /home/runner/.cargo/registry/src/index.crates.io-1949cf8c6b5b557f/matrix-sdk-indexeddb-0.18.0/src/crypto_store/migrations/mod.rs:269
[element-web:debug] Init OlmMachine
[element-web:debug] DEBUG matrix_sdk_crypto::machine: Created a new Olm account
    at /home/runner/.cargo/registry/src/index.crates.io-1949cf8c6b5b557f/matrix-sdk-crypto-0.18.0/src/machine/mod.rs:364
    in matrix_sdk_crypto::machine::with_store with user_id="@elementweb_1781097433_16101:matrix.test" device_id="XemXr3K0V0JPhJWV" ed25519_key=wQ5F7rzhzUNtZ1f3QKniHqLMG/cQYtI04EiPF/EUy34 curve25519_key=9PDWs/IcD+yS6XkGcQ46jxfYLiPKO67bn9SSNUeW6GM
[element-web:debug] DEBUG matrix_sdk_crypto::machine: Creating an empty cross signing identity stub
    at /home/runner/.cargo/registry/src/index.crates.io-1949cf8c6b5b557f/matrix-sdk-crypto-0.18.0/src/machine/mod.rs:380
    in matrix_sdk_crypto::machine::with_store with user_id="@elementweb_1781097433_16101:matrix.test" device_id="XemXr3K0V0JPhJWV" ed25519_key=wQ5F7rzhzUNtZ1f3QKniHqLMG/cQYtI04EiPF/EUy34 curve25519_key=9PDWs/IcD+yS6XkGcQ46jxfYLiPKO67bn9SSNUeW6GM
[element-web:debug] Checking key backup status...
[element-web:debug] FetchHttpApi: --> GET https://matrix.test/_matrix/client/v3/room_keys/version
[element-web:debug] DEBUG matrix_sdk_crypto::identities::manager: Created a /keys/query request
    request_id="1fdb72b8990848978feecc36715d5fbb" users=["@elementweb_1781097433_16101:matrix.test"]
    at /home/runner/.cargo/registry/src/index.crates.io-1949cf8c6b5b557f/matrix-sdk-crypto-0.18.0/src/identities/manager.rs:877
[element-web:debug] Completed rust crypto-sdk setup
[element-web:debug] FetchHttpApi: --> GET https://matrix.test/_matrix/client/unstable/org.matrix.msc3814.v1/dehydrated_device
[element-web:error] Failed to load resource: the server responded with a status of 404 ()
[element-web:debug] FetchHttpApi: <-- GET https://matrix.test/_matrix/client/v3/room_keys/version [149ms 404]
[element-web:error] Failed to load resource: the server responded with a status of 404 ()
[element-web:debug] FetchHttpApi: <-- GET https://matrix.test/_matrix/client/unstable/org.matrix.msc3814.v1/dehydrated_device [140ms 404]
[element-web:debug] No key backup present on server: not enabling key backup
[element-web:debug] Starting device dehydration
[element-web] Screenshot saved: /Users/ljf/Desktop/hu_ts/synapse-rust/artifacts/e2ee-interop-basic/element-web-main-ui-1781097437292.png
[element-web] debug snapshot main-ui
[element-web] page url: https://element.test/#/login
[element-web] page title: Element (synapse-rust local)
[element-web] body class: cpd-theme-light
[element-web] headings: [ 'Sign in', 'Homeserver' ]
[element-web] button texts: []
[element-web] role=button summaries: [
  {
    "text": "English",
    "label": "Language Dropdown",
    "className": "mx_AccessibleButton mx_Dropdown_input mx_no_textinput mx_AccessibleButton_disabled"
  },
  {
    "text": "",
    "label": "Help",
    "className": "mx_AccessibleButton mx_ServerPicker_help"
  },
  {
    "text": "Edit",
    "label": "",
    "className": "mx_AccessibleButton mx_ServerPicker_change mx_AccessibleButton_hasKind mx_AccessibleButton_kind_link mx_AccessibleButton_disabled"
  },
  {
    "text": "Forgot password?",
    "label": "",
    "className": "mx_AccessibleButton mx_Login_forgot mx_AccessibleButton_hasKind mx_AccessibleButton_kind_link mx_AccessibleButton_disabled"
  }
]
[element-web] input summaries: [
  {
    "name": "username",
    "type": "text",
    "placeholder": "Username",
    "ariaLabel": "",
    "className": ""
  },
  {
    "name": "password",
    "type": "password",
    "placeholder": "Password",
    "ariaLabel": "",
    "className": ""
  }
]
[element-web] HTML snapshot saved: /Users/ljf/Desktop/hu_ts/synapse-rust/artifacts/e2ee-interop-basic/element-web-main-ui-1781097437496.html
[element-web] could not find create room button, skipping room creation, but login was successful!
[element-web] debug snapshot no-create-room-button
[element-web] page url: https://element.test/#/login
[element-web] page title: Element (synapse-rust local)
[element-web] body class: cpd-theme-light
[element-web] headings: [ 'Sign in', 'Homeserver' ]
[element-web] button texts: []
[element-web] role=button summaries: [
  {
    "text": "English",
    "label": "Language Dropdown",
    "className": "mx_AccessibleButton mx_Dropdown_input mx_no_textinput mx_AccessibleButton_disabled"
  },
  {
    "text": "",
    "label": "Help",
    "className": "mx_AccessibleButton mx_ServerPicker_help"
  },
  {
    "text": "Edit",
    "label": "",
    "className": "mx_AccessibleButton mx_ServerPicker_change mx_AccessibleButton_hasKind mx_AccessibleButton_kind_link mx_AccessibleButton_disabled"
  },
  {
    "text": "Forgot password?",
    "label": "",
    "className": "mx_AccessibleButton mx_Login_forgot mx_AccessibleButton_hasKind mx_AccessibleButton_kind_link mx_AccessibleButton_disabled"
  }
]
[element-web] input summaries: [
  {
    "name": "username",
    "type": "text",
    "placeholder": "Username",
    "ariaLabel": "",
    "className": ""
  },
  {
    "name": "password",
    "type": "password",
    "placeholder": "Password",
    "ariaLabel": "",
    "className": ""
  }
]
[element-web] HTML snapshot saved: /Users/ljf/Desktop/hu_ts/synapse-rust/artifacts/e2ee-interop-basic/element-web-no-create-room-button-1781097437514.html
