[element-web-harness] Installing browser harness dependencies
npm notice This endpoint is being retired. Use the bulk advisory endpoint instead. See the following docs for more info: https://api-docs.npmjs.com/#tag/Audit

up to date in 8s
[element-web-harness] Installing Chromium for Playwright
[element-web-harness] Building synapse-rust docker image
 Image synapse-rust:latest Building 
#1 [internal] load local bake definitions
#1 reading from stdin 711B done
#1 DONE 0.0s

#2 [internal] load build definition from Dockerfile
#2 transferring dockerfile: 9.16kB 0.0s done
#2 DONE 0.1s

#3 [internal] load metadata for docker.io/library/debian:bookworm-slim
#3 ...

#4 [internal] load metadata for docker.io/library/rust:1.93.0-slim-bookworm
#4 DONE 0.0s

#3 [internal] load metadata for docker.io/library/debian:bookworm-slim
#3 DONE 0.3s

#5 [internal] load .dockerignore
#5 transferring context: 1.40kB 0.0s done
#5 DONE 0.1s

#6 [tools 1/5] FROM docker.io/library/debian:bookworm-slim@sha256:0104b334637a5f19aa9c983a91b54c89887c0984081f2068983107a6f6c21eeb
#6 DONE 0.0s

#7 [builder  1/16] FROM docker.io/library/rust:1.93.0-slim-bookworm
#7 DONE 0.0s

#8 [internal] load build context
#8 transferring context: 85.12MB 0.7s done
#8 DONE 0.9s

#9 [builder 13/16] RUN --mount=type=cache,target=/usr/local/cargo/registry,sharing=locked     --mount=type=cache,target=/usr/local/cargo/git,sharing=locked     mkdir -p src src/bin synapse-common/src synapse-cache/src synapse-storage/src synapse-e2ee/src              synapse-federation/src synapse-services/src synapse-web/src &&     echo "fn main() {}" > src/main.rs &&     echo "fn main() {}" > src/bin/healthcheck.rs &&     echo "pub fn stub() {}" > synapse-common/src/lib.rs &&     echo "pub fn stub() {}" > synapse-cache/src/lib.rs &&     echo "pub fn stub() {}" > synapse-storage/src/lib.rs &&     echo "pub fn stub() {}" > synapse-e2ee/src/lib.rs &&     echo "pub fn stub() {}" > synapse-federation/src/lib.rs &&     echo "pub fn stub() {}" > synapse-services/src/lib.rs &&     echo "pub fn stub() {}" > synapse-web/src/lib.rs &&     cargo fetch --locked &&     rm -rf src/ synapse-common/src synapse-cache/src synapse-storage/src synapse-e2ee/src            synapse-federation/src synapse-services/src synapse-web/src
#9 CACHED

#10 [builder 14/16] COPY . .
#10 DONE 1.2s

#11 [builder 15/16] RUN rm -f rust-toolchain rust-toolchain.toml
#11 DONE 0.1s

#12 [builder 16/16] RUN --mount=type=cache,target=/usr/local/cargo/registry,sharing=locked     --mount=type=cache,target=/usr/local/cargo/git,sharing=locked     cargo build --release --locked --features server --no-default-features --bin synapse-rust --bin healthcheck &&     install -Dm755 target/release/synapse-rust          /out/app/synapse-rust &&     install -Dm755 target/release/healthcheck           /out/app/healthcheck &&     install -Dm755 docker/db_migrate.sh                 /out/app/scripts/db_migrate.sh &&     install -Dm755 docker/deploy/scripts/container-migrate.sh /out/app/scripts/container-migrate.sh &&     install -Dm755 docker/healthcheck.sh                /out/app/scripts/healthcheck.sh &&     install -Dm755 docker/entrypoint.sh                 /out/app/entrypoint.sh &&     install -Dm644 docker/config/rate_limit.yaml          /out/app/config_defaults/rate_limit.yaml &&     mkdir -p /out/app/config /out/app/data /out/app/logs /out/app/migrations &&     cp -R migrations/. /out/app/migrations/
#12 406.9 [1m[92m   Compiling[0m proc-macro2 v1.0.106
#12 407.1 [1m[92m   Compiling[0m quote v1.0.45
#12 407.2 [1m[92m   Compiling[0m unicode-ident v1.0.24
#12 407.5 [1m[92m   Compiling[0m syn v2.0.117
#12 409.0 [1m[92m   Compiling[0m libc v0.2.186
#12 409.1 [1m[92m   Compiling[0m cfg-if v1.0.4
#12 409.1 [1m[92m   Compiling[0m serde v1.0.228
#12 409.3 [1m[92m   Compiling[0m serde_derive v1.0.228
#12 410.6 [1m[92m   Compiling[0m serde_core v1.0.228
#12 411.5 [1m[92m   Compiling[0m version_check v0.9.5
#12 411.6 [1m[92m   Compiling[0m typenum v1.19.0
#12 411.7 [1m[92m   Compiling[0m smallvec v1.15.1
#12 411.8 [1m[92m   Compiling[0m generic-array v0.14.7
#12 411.8 [1m[92m   Compiling[0m parking_lot_core v0.9.12
#12 411.9 [1m[92m   Compiling[0m memchr v2.8.0
#12 412.2 [1m[92m   Compiling[0m synstructure v0.13.2
#12 412.3 [1m[92m   Compiling[0m zerofrom-derive v0.1.6
#12 412.8 [1m[92m   Compiling[0m pin-project-lite v0.2.17
#12 412.8 [1m[92m   Compiling[0m autocfg v1.5.0
#12 413.0 [1m[92m   Compiling[0m yoke-derive v0.8.1
#12 413.4 [1m[92m   Compiling[0m once_cell v1.21.4
#12 413.5 [1m[92m   Compiling[0m getrandom v0.2.17
#12 413.6 [1m[92m   Compiling[0m scopeguard v1.2.0
#12 413.6 [1m[92m   Compiling[0m lock_api v0.4.14
#12 414.0 [1m[92m   Compiling[0m zerovec-derive v0.11.2
#12 414.4 [1m[92m   Compiling[0m itoa v1.0.18
#12 414.7 [1m[92m   Compiling[0m parking_lot v0.12.5
#12 415.0 [1m[92m   Compiling[0m rand_core v0.6.4
#12 415.1 [1m[92m   Compiling[0m bytes v1.11.1
#12 415.6 [1m[92m   Compiling[0m displaydoc v0.2.5
#12 415.9 [1m[92m   Compiling[0m futures-core v0.3.32
#12 415.9 [1m[92m   Compiling[0m log v0.4.29
#12 416.0 [1m[92m   Compiling[0m libm v0.2.16
#12 416.1 [1m[92m   Compiling[0m crypto-common v0.1.7
#12 416.1 [1m[92m   Compiling[0m socket2 v0.6.3
#12 416.5 [1m[92m   Compiling[0m errno v0.3.14
#12 416.5 [1m[92m   Compiling[0m futures-sink v0.3.32
#12 416.5 [1m[92m   Compiling[0m stable_deref_trait v1.2.1
#12 416.5 [1m[92m   Compiling[0m signal-hook-registry v1.4.8
#12 416.7 [1m[92m   Compiling[0m mio v1.2.0
#12 417.0 [1m[92m   Compiling[0m tokio-macros v2.6.1
#12 417.2 [1m[92m   Compiling[0m tracing-attributes v0.1.31
#12 417.7 [1m[92m   Compiling[0m zerocopy v0.8.48
#12 417.8 [1m[92m   Compiling[0m tokio v1.50.0
#12 421.6 [1m[92m   Compiling[0m zerocopy-derive v0.8.48
#12 423.6 [1m[92m   Compiling[0m icu_normalizer_data v2.1.1
#12 423.7 [1m[92m   Compiling[0m icu_properties_data v2.1.2
#12 423.7 [1m[92m   Compiling[0m tracing-core v0.1.36
#12 424.0 [1m[92m   Compiling[0m num-traits v0.2.19
#12 424.1 [1m[92m   Compiling[0m equivalent v1.0.2
#12 424.1 [1m[92m   Compiling[0m subtle v2.6.1
#12 424.1 [1m[92m   Compiling[0m thiserror v2.0.18
#12 424.9 [1m[92m   Compiling[0m slab v0.4.12
#12 425.1 [1m[92m   Compiling[0m futures-channel v0.3.32
#12 425.3 [1m[92m   Compiling[0m zerofrom v0.1.6
#12 425.3 [1m[92m   Compiling[0m thiserror-impl v2.0.18
#12 425.7 [1m[92m   Compiling[0m zeroize_derive v1.4.3
#12 425.9 [1m[92m   Compiling[0m crossbeam-utils v0.8.21
#12 425.9 [1m[92m   Compiling[0m const-oid v0.9.6
#12 426.2 [1m[92m   Compiling[0m zmij v1.0.21
#12 426.3 [1m[92m   Compiling[0m zeroize v1.8.2
#12 426.3 [1m[92m   Compiling[0m yoke v0.8.1
#12 426.4 [1m[92m   Compiling[0m tracing v0.1.44
#12 426.5 [1m[92m   Compiling[0m futures-macro v0.3.32
#12 426.8 [1m[92m   Compiling[0m futures-task v0.3.32
#12 426.8 [1m[92m   Compiling[0m hashbrown v0.17.0
#12 427.0 [1m[92m   Compiling[0m percent-encoding v2.3.2
#12 427.1 [1m[92m   Compiling[0m futures-io v0.3.32
#12 427.1 [1m[92m   Compiling[0m futures-util v0.3.32
#12 427.9 [1m[92m   Compiling[0m indexmap v2.14.0
#12 428.3 [1m[92m   Compiling[0m serde_json v1.0.149
#12 428.5 [1m[92m   Compiling[0m zerovec v0.11.5
#12 429.5 [1m[92m   Compiling[0m ppv-lite86 v0.2.21
#12 429.6 [1m[92m   Compiling[0m num-integer v0.1.46
#12 429.8 [1m[92m   Compiling[0m block-buffer v0.10.4
#12 429.9 [1m[92m   Compiling[0m digest v0.10.7
#12 430.0 [1m[92m   Compiling[0m rand_chacha v0.3.1
#12 430.1 [1m[92m   Compiling[0m tinystr v0.8.2
#12 430.1 [1m[92m   Compiling[0m tokio-util v0.7.18
#12 430.5 [1m[92m   Compiling[0m find-msvc-tools v0.1.9
#12 430.5 [1m[92m   Compiling[0m anyhow v1.0.102
#12 430.6 [1m[92m   Compiling[0m writeable v0.6.2
#12 430.6 [1m[92m   Compiling[0m litemap v0.8.1
#12 430.7 [1m[92m   Compiling[0m shlex v1.3.0
#12 430.7 [1m[92m   Compiling[0m cc v1.2.61
#12 431.1 [1m[92m   Compiling[0m icu_locale_core v2.1.1
#12 431.9 [1m[92m   Compiling[0m rand v0.8.5
#12 432.0 [1m[92m   Compiling[0m potential_utf v0.1.4
#12 432.1 [1m[92m   Compiling[0m zerotrie v0.2.3
#12 432.2 [1m[92m   Compiling[0m http v1.4.0
#12 432.8 [1m[92m   Compiling[0m base64 v0.22.1
#12 433.0 [1m[92m   Compiling[0m icu_provider v2.1.1
#12 433.1 [1m[92m   Compiling[0m icu_collections v2.1.1
#12 433.6 [1m[92m   Compiling[0m http-body v1.0.1
#12 433.7 [1m[92m   Compiling[0m num-bigint v0.4.6
#12 434.9 [1m[92m   Compiling[0m either v1.15.0
#12 435.0 [1m[92m   Compiling[0m bitflags v2.11.1
#12 435.1 [1m[92m   Compiling[0m simd-adler32 v0.3.9
#12 435.1 [1m[92m   Compiling[0m fnv v1.0.7
#12 436.2 [1m[92m   Compiling[0m icu_properties v2.1.2
#12 436.6 [1m[92m   Compiling[0m icu_normalizer v2.1.1
#12 437.0 [1m[92m   Compiling[0m form_urlencoded v1.2.2
#12 437.3 [1m[92m   Compiling[0m siphasher v1.0.2
#12 437.3 [1m[92m   Compiling[0m tower-service v0.3.3
#12 437.3 [1m[92m   Compiling[0m httparse v1.10.1
#12 437.4 [1m[92m   Compiling[0m phf_shared v0.11.3
#12 437.6 [1m[92m   Compiling[0m idna_adapter v1.2.1
#12 437.8 [1m[92m   Compiling[0m cpufeatures v0.2.17
#12 437.8 [1m[92m   Compiling[0m try-lock v0.2.5
#12 437.8 [1m[92m   Compiling[0m vcpkg v0.2.15
#12 438.0 [1m[92m   Compiling[0m httpdate v1.0.3
#12 438.1 [1m[92m   Compiling[0m pkg-config v0.3.32
#12 438.2 [1m[92m   Compiling[0m utf8_iter v1.0.4
#12 438.3 [1m[92m   Compiling[0m adler2 v2.0.1
#12 438.3 [1m[92m   Compiling[0m atomic-waker v1.1.2
#12 438.4 [1m[92m   Compiling[0m allocator-api2 v0.2.21
#12 438.5 [1m[92m   Compiling[0m crc32fast v1.5.0
#12 438.8 [1m[92m   Compiling[0m h2 v0.4.13
#12 441.3 [1m[92m   Compiling[0m miniz_oxide v0.8.9
#12 441.9 [1m[92m   Compiling[0m idna v1.1.0
#12 442.7 [1m[92m   Compiling[0m openssl-sys v0.9.112
#12 442.8 [1m[92m   Compiling[0m want v0.3.1
#12 442.9 [1m[92m   Compiling[0m phf_generator v0.11.3
#12 443.2 [1m[92m   Compiling[0m bigdecimal v0.4.10
#12 443.2 [1m[92m   Compiling[0m pin-utils v0.1.0
#12 443.5 [1m[92m   Compiling[0m hyper v1.8.1
#12 445.5 [1m[92m   Compiling[0m url v2.5.8
#12 446.4 [1m[92m   Compiling[0m http-body-util v0.1.3
#12 446.5 [1m[92m   Compiling[0m crossbeam-epoch v0.9.18
#12 446.6 [1m[92m   Compiling[0m sync_wrapper v1.0.2
#12 446.6 [1m[92m   Compiling[0m ahash v0.8.12
#12 446.7 [1m[92m   Compiling[0m new_debug_unreachable v1.0.6
#12 446.8 [1m[92m   Compiling[0m base64ct v1.8.3
#12 446.9 [1m[92m   Compiling[0m ipnet v2.12.0
#12 447.2 [1m[92m   Compiling[0m tower-layer v0.3.3
#12 447.3 [1m[92m   Compiling[0m hyper-util v0.1.20
#12 448.4 [1m[92m   Compiling[0m flate2 v1.1.9
#12 448.6 [1m[92m   Compiling[0m block-padding v0.3.3
#12 448.6 [1m[92m   Compiling[0m getrandom v0.4.2
#12 448.7 [1m[92m   Compiling[0m crunchy v0.2.4
#12 448.7 [1m[92m   Compiling[0m rayon-core v1.13.0
#12 448.8 [1m[92m   Compiling[0m inout v0.1.4
#12 449.5 [1m[92m   Compiling[0m tower v0.5.3
#12 449.9 [1m[92m   Compiling[0m crossbeam-deque v0.8.6
#12 449.9 [1m[92m   Compiling[0m itertools v0.14.0
#12 450.3 [1m[92m   Compiling[0m tokio-stream v0.1.18
#12 450.4 [1m[92m   Compiling[0m async-trait v0.1.89
#12 450.8 [1m[92m   Compiling[0m equator-macro v0.4.2
#12 451.0 [1m[92m   Compiling[0m openssl v0.10.76
#12 451.0 [1m[92m   Compiling[0m foreign-types-shared v0.1.1
#12 451.1 [1m[92m   Compiling[0m getrandom v0.3.4
#12 451.1 [1m[92m   Compiling[0m ryu v1.0.23
#12 451.2 [1m[92m   Compiling[0m spin v0.9.8
#12 451.2 [1m[92m   Compiling[0m tiny-keccak v2.0.2
#12 451.3 [1m[92m   Compiling[0m lazy_static v1.5.0
#12 451.4 [1m[92m   Compiling[0m foreign-types v0.3.2
#12 451.4 [1m[92m   Compiling[0m equator v0.4.2
#12 452.0 [1m[92m   Compiling[0m cipher v0.4.4
#12 452.5 [1m[92m   Compiling[0m concurrent-queue v2.5.0
#12 452.8 [1m[92m   Compiling[0m arrayvec v0.7.6
#12 452.9 [1m[92m   Compiling[0m openssl-macros v0.1.1
#12 453.0 [1m[92m   Compiling[0m tinyvec_macros v0.1.1
#12 453.0 [1m[92m   Compiling[0m mime v0.3.17
#12 453.2 [1m[92m   Compiling[0m unicase v2.9.0
#12 453.2 [1m[92m   Compiling[0m semver v1.0.28
#12 453.3 [1m[92m   Compiling[0m native-tls v0.2.18
#12 453.6 [1m[92m   Compiling[0m parking v2.2.1
#12 453.7 [1m[92m   Compiling[0m foldhash v0.1.5
#12 453.8 [1m[92m   Compiling[0m hashbrown v0.15.5
#12 454.0 [1m[92m   Compiling[0m event-listener v5.4.1
#12 455.8 [1m[92m   Compiling[0m rustc_version v0.4.1
#12 455.9 [1m[92m   Compiling[0m mime_guess v2.0.5
#12 456.0 [1m[92m   Compiling[0m tinyvec v1.11.0
#12 459.3 [1m[92m   Compiling[0m uuid v1.23.0
#12 459.6 [1m[92m   Compiling[0m aligned-vec v0.6.4
#12 459.8 [1m[92m   Compiling[0m hashbrown v0.14.5
#12 460.0 [1m[92m   Compiling[0m pem-rfc7468 v0.7.0
#12 460.4 [1m[92m   Compiling[0m phf_macros v0.11.3
#12 460.6 [1m[92m   Compiling[0m phf_codegen v0.11.3
#12 460.7 [1m[92m   Compiling[0m string_cache_codegen v0.5.4
#12 460.8 [1m[92m   Compiling[0m sha2 v0.10.9
#12 461.8 [1m[92m   Compiling[0m universal-hash v0.5.1
#12 461.8 [1m[92m   Compiling[0m aho-corasick v1.1.4
#12 463.4 [1m[92m   Compiling[0m der_derive v0.7.3
#12 463.7 [1m[92m   Compiling[0m proc-macro-error-attr2 v2.0.0
#12 463.8 [1m[92m   Compiling[0m winnow v1.0.0
#12 464.3 [1m[92m   Compiling[0m ucd-trie v0.1.7
#12 464.3 [1m[92m   Compiling[0m openssl-probe v0.2.1
#12 464.5 [1m[92m   Compiling[0m opaque-debug v0.3.1
#12 464.5 [1m[92m   Compiling[0m flagset v0.4.7
#12 464.5 [1m[92m   Compiling[0m crc-catalog v2.4.0
#12 464.6 [1m[92m   Compiling[0m regex-syntax v0.8.10
#12 467.2 [1m[92m   Compiling[0m compression-core v0.4.31
#12 467.3 [1m[92m   Compiling[0m iana-time-zone v0.1.65
#12 467.6 [1m[92m   Compiling[0m chrono v0.4.44
#12 468.0 [1m[92m   Compiling[0m compression-codecs v0.4.37
#12 468.2 [1m[92m   Compiling[0m regex-automata v0.4.14
#12 474.1 [1m[92m   Compiling[0m crc v3.4.0
#12 474.1 [1m[92m   Compiling[0m der v0.7.10
#12 476.2 [1m[92m   Compiling[0m pest v2.8.6
#12 476.6 [1m[92m   Compiling[0m toml_parser v1.1.0+spec-1.1.0
#12 476.7 [1m[92m   Compiling[0m proc-macro-error2 v2.0.1
#12 477.4 [1m[92m   Compiling[0m web_atoms v0.1.3
#12 477.5 [1m[92m   Compiling[0m phf v0.11.3
#12 477.9 [1m[92m   Compiling[0m rand_core v0.9.5
#12 478.0 [1m[92m   Compiling[0m v_frame v0.3.9
#12 478.1 [1m[92m   Compiling[0m futures-intrusive v0.5.0
#12 478.2 [1m[92m   Compiling[0m const-random-macro v0.1.16
#12 478.3 [1m[92m   Compiling[0m unicode-normalization v0.1.25
#12 478.4 [1m[92m   Compiling[0m curve25519-dalek v4.1.3
#12 478.8 [1m[92m   Compiling[0m hashlink v0.10.0
#12 478.8 [1m[92m   Compiling[0m rayon v1.12.0
#12 479.5 [1m[92m   Compiling[0m crossbeam-queue v0.3.12
#12 479.6 [1m[92m   Compiling[0m hmac v0.12.1
#12 479.6 [1m[92m   Compiling[0m num-rational v0.4.2
#12 480.0 [1m[92m   Compiling[0m opentelemetry v0.31.0
#12 481.0 [1m[92m   Compiling[0m ipnetwork v0.20.0
#12 481.0 [1m[92m   Compiling[0m as-slice v0.2.1
#12 481.0 [1m[92m   Compiling[0m encoding_rs v0.8.35
#12 482.6 [1m[92m   Compiling[0m pin-project-internal v1.1.11
#12 482.9 [1m[92m   Compiling[0m built v0.8.0
#12 483.1 [1m[92m   Compiling[0m unicode-properties v0.1.4
#12 483.2 [1m[92m   Compiling[0m strsim v0.11.1
#12 483.4 [1m[92m   Compiling[0m ident_case v1.0.1
#12 483.4 [1m[92m   Compiling[0m precomputed-hash v0.1.1
#12 483.4 [1m[92m   Compiling[0m mac v0.1.1
#12 483.5 [1m[92m   Compiling[0m paste v1.0.15
#12 483.5 [1m[92m   Compiling[0m toml_datetime v1.1.0+spec-1.1.0
#12 483.6 [1m[92m   Compiling[0m av-scenechange v0.14.1
#12 483.6 [1m[92m   Compiling[0m unicode-bidi v0.3.18
#12 483.8 [1m[92m   Compiling[0m rustversion v1.0.22
#12 483.9 [1m[92m   Compiling[0m sqlx-core v0.8.6
#12 484.8 [1m[92m   Compiling[0m stringprep v0.1.5
#12 484.9 [1m[92m   Compiling[0m toml_edit v0.25.8+spec-1.1.0
#12 485.3 [1m[92m   Compiling[0m futf v0.1.5
#12 485.3 [1m[92m   Compiling[0m string_cache v0.8.9
#12 485.4 [1m[92m   Compiling[0m darling_core v0.20.11
#12 486.4 [1m[92m   Compiling[0m rav1e v0.8.1
#12 486.4 [1m[92m   Compiling[0m pin-project v1.1.11
#12 486.4 [1m[92m   Compiling[0m aligned v0.4.3
#12 486.5 [1m[92m   Compiling[0m hkdf v0.12.4
#12 486.5 [1m[92m   Compiling[0m const-random v0.1.18
#12 486.5 [1m[92m   Compiling[0m rand_chacha v0.9.0
#12 487.0 [1m[92m   Compiling[0m pest_meta v2.8.6
#12 487.4 [1m[92m   Compiling[0m tokio-native-tls v0.3.1
#12 487.5 [1m[92m   Compiling[0m spki v0.7.3
#12 487.6 [1m[92m   Compiling[0m async-compression v0.4.41
#12 487.8 [1m[92m   Compiling[0m serde_urlencoded v0.7.1
#12 487.8 [1m[92m   Compiling[0m prost-derive v0.14.3
#12 488.3 [1m[92m   Compiling[0m md-5 v0.10.6
#12 488.4 [1m[92m   Compiling[0m hyper-timeout v0.5.2
#12 488.4 [1m[92m   Compiling[0m atoi v2.0.0
#12 488.5 [1m[92m   Compiling[0m signature v2.2.0
#12 488.5 [1m[92m   Compiling[0m futures-executor v0.3.32
#12 488.6 [1m[92m   Compiling[0m no_std_io2 v0.9.3
#12 488.7 [1m[92m   Compiling[0m nom v8.0.0
#12 489.6 [1m[92m   Compiling[0m arg_enum_proc_macro v0.3.4
#12 489.8 [1m[92m   Compiling[0m profiling-procmacros v1.0.17
#12 490.1 [1m[92m   Compiling[0m powerfmt v0.2.0
#12 490.2 [1m[92m   Compiling[0m quick-error v2.0.1
#12 490.2 [1m[92m   Compiling[0m http-range-header v0.4.2
#12 490.3 [1m[92m   Compiling[0m byteorder v1.5.0
#12 490.4 [1m[92m   Compiling[0m num-conv v0.2.1
#12 490.4 [1m[92m   Compiling[0m home v0.5.12
#12 490.4 [1m[92m   Compiling[0m iri-string v0.7.11
#12 491.2 [1m[92m   Compiling[0m y4m v0.8.0
#12 491.3 [1m[92m   Compiling[0m time-core v0.1.8
#12 491.4 [1m[92m   Compiling[0m pastey v0.1.1
#12 491.5 [1m[92m   Compiling[0m utf-8 v0.7.6
#12 491.5 [1m[92m   Compiling[0m hex v0.4.3
#12 491.6 [1m[92m   Compiling[0m dotenvy v0.15.7
#12 491.8 [1m[92m   Compiling[0m whoami v1.6.1
#12 491.8 [1m[92m   Compiling[0m sqlx-postgres v0.8.6
#12 493.6 [1m[92m   Compiling[0m tendril v0.4.3
#12 494.1 [1m[92m   Compiling[0m time-macros v0.2.27
#12 494.3 [1m[92m   Compiling[0m tower-http v0.6.8
#12 495.3 [1m[92m   Compiling[0m deranged v0.5.8
#12 496.7 [1m[92m   Compiling[0m profiling v1.0.17
#12 496.7 [1m[92m   Compiling[0m av1-grain v0.2.5
#12 497.5 [1m[92m   Compiling[0m bitstream-io v4.10.0
#12 499.3 [1m[92m   Compiling[0m tonic v0.14.5
#12 501.9 [1m[92m   Compiling[0m prost v0.14.3
#12 502.1 [1m[92m   Compiling[0m hyper-tls v0.6.0
#12 502.1 [1m[92m   Compiling[0m pest_generator v2.8.6
#12 502.5 [1m[92m   Compiling[0m rand v0.9.4
#12 502.7 [1m[92m   Compiling[0m dlv-list v0.5.2
#12 503.6 [1m[92m   Compiling[0m darling_macro v0.20.11
#12 504.1 [1m[92m   Compiling[0m proc-macro-crate v3.5.0
#12 504.4 [1m[92m   Compiling[0m maybe-rayon v0.1.1
#12 505.0 [1m[92m   Compiling[0m ring v0.17.14
#12 505.2 [1m[92m   Compiling[0m rustls-pki-types v1.14.0
#12 505.5 [1m[92m   Compiling[0m half v2.7.1
#12 505.6 [1m[92m   Compiling[0m aead v0.5.2
#12 506.0 [1m[92m   Compiling[0m toml_datetime v0.6.11
#12 506.1 [1m[92m   Compiling[0m serde_spanned v0.6.9
#12 506.1 [1m[92m   Compiling[0m num-derive v0.4.2
#12 506.4 [1m[92m   Compiling[0m fax_derive v0.2.0
#12 506.6 [1m[92m   Compiling[0m simd_helpers v0.1.0
#12 506.7 [1m[92m   Compiling[0m imgref v1.12.0
#12 506.9 [1m[92m   Compiling[0m num-bigint-dig v0.8.6
#12 507.0 [1m[92m   Compiling[0m heck v0.5.0
#12 507.0 [1m[92m   Compiling[0m weezl v0.1.12
#12 507.4 [1m[92m   Compiling[0m winnow v0.7.15
#12 508.0 [1m[92m   Compiling[0m portable-atomic v1.13.1
#12 508.2 [1m[92m   Compiling[0m toml_write v0.1.2
#12 508.2 [1m[92m   Compiling[0m dtoa v1.0.11
#12 508.7 [1m[92m   Compiling[0m zune-core v0.5.1
#12 508.8 [1m[92m   Compiling[0m noop_proc_macro v0.3.0
#12 511.4 [1m[92m   Compiling[0m zune-jpeg v0.5.15
#12 511.9 [1m[92m   Compiling[0m time v0.3.47
#12 513.7 [1m[92m   Compiling[0m dtoa-short v0.3.5
#12 513.7 [1m[92m   Compiling[0m toml_edit v0.22.27
#12 516.8 [1m[92m   Compiling[0m sqlx-macros-core v0.8.6
#12 517.9 [1m[92m   Compiling[0m loop9 v0.1.5
#12 517.9 [1m[92m   Compiling[0m fax v0.2.6
#12 520.1 [1m[92m   Compiling[0m reqwest v0.12.28
#12 527.2 [1m[92m   Compiling[0m arc-swap v1.9.0
#12 527.4 [1m[92m   Compiling[0m matrix-pickle-derive v0.2.2
#12 527.6 [1m[92m   Compiling[0m darling v0.20.11
#12 527.6 [1m[92m   Compiling[0m ordered-multimap v0.7.3
#12 527.7 [1m[92m   Compiling[0m opentelemetry_sdk v0.31.0
#12 533.1 [1m[92m   Compiling[0m markup5ever v0.35.0
#12 533.2 [1m[92m   Compiling[0m pest_derive v2.8.6
#12 533.4 [1m[92m   Compiling[0m tonic-prost v0.14.5
#12 533.5 [1m[92m   Compiling[0m ed25519 v2.2.3
#12 533.6 [1m[92m   Compiling[0m pkcs8 v0.10.2
#12 533.9 [1m[92m   Compiling[0m matchers v0.2.0
#12 533.9 [1m[92m   Compiling[0m poly1305 v0.8.0
#12 534.0 [1m[92m   Compiling[0m polyval v0.6.2
#12 534.0 [1m[92m   Compiling[0m hashlink v0.8.4
#12 534.1 [1m[92m   Compiling[0m event-listener-strategy v0.5.4
#12 534.2 [1m[92m   Compiling[0m avif-serialize v0.8.8
#12 534.5 [1m[92m   Compiling[0m chacha20 v0.9.1
#12 534.5 [1m[92m   Compiling[0m aes v0.8.4
#12 534.7 [1m[92m   Compiling[0m sharded-slab v0.1.7
#12 534.9 [1m[92m   Compiling[0m prost-derive v0.13.5
#12 535.5 [1m[92m   Compiling[0m itertools v0.13.0
#12 536.0 [1m[92m   Compiling[0m zune-inflate v0.2.54
#12 536.2 [1m[92m   Compiling[0m fdeflate v0.3.7
#12 536.5 [1m[92m   Compiling[0m combine v4.6.7
#12 537.9 [1m[92m   Compiling[0m num-iter v0.1.45
#12 538.0 [1m[92m   Compiling[0m tracing-serde v0.2.0
#12 538.0 [1m[92m   Compiling[0m tracing-log v0.2.0
#12 538.1 [1m[92m   Compiling[0m deadpool-runtime v0.1.4
#12 538.2 [1m[92m   Compiling[0m socket2 v0.5.10
#12 538.4 [1m[92m   Compiling[0m num_cpus v1.17.0
#12 538.7 [1m[92m   Compiling[0m thread_local v1.1.9
#12 538.8 [1m[92m   Compiling[0m cssparser-macros v0.6.1
#12 539.0 [1m[92m   Compiling[0m match_token v0.35.0
#12 539.2 [1m[92m   Compiling[0m nu-ansi-term v0.50.3
#12 539.5 [1m[92m   Compiling[0m byteorder-lite v0.1.0
#12 539.6 [1m[92m   Compiling[0m color_quant v1.1.0
#12 539.7 [1m[92m   Compiling[0m arraydeque v0.5.1
#12 539.7 [1m[92m   Compiling[0m lebe v0.5.3
#12 539.8 [1m[92m   Compiling[0m minimal-lexical v0.2.1
#12 539.9 [1m[92m   Compiling[0m rgb v0.8.53
#12 540.0 [1m[92m   Compiling[0m base64 v0.21.7
#12 540.2 [1m[92m   Compiling[0m bytemuck v1.25.0
#12 540.2 [1m[92m   Compiling[0m pxfm v0.1.29
#12 543.3 [1m[92m   Compiling[0m sha1_smol v1.0.1
#12 543.4 [1m[92m   Compiling[0m bit_field v0.10.3
#12 543.4 [1m[92m   Compiling[0m untrusted v0.9.0
#12 543.5 [1m[92m   Compiling[0m unicode-segmentation v1.13.2
#12 543.7 [1m[92m   Compiling[0m convert_case v0.6.0
#12 553.6 [1m[92m   Compiling[0m exr v1.74.0
#12 555.9 [1m[92m   Compiling[0m redis v0.27.6
#12 560.4 [1m[92m   Compiling[0m moxcms v0.8.1
#12 565.3 [1m[92m   Compiling[0m qoi v0.4.1
#12 565.4 [1m[92m   Compiling[0m ron v0.8.1
#12 566.1 [1m[92m   Compiling[0m ravif v0.13.0
#12 575.3 [1m[92m   Compiling[0m nom v7.1.3
#12 575.9 [1m[92m   Compiling[0m yaml-rust2 v0.8.1
#12 577.4 [1m[92m   Compiling[0m gif v0.14.2
#12 578.0 [1m[92m   Compiling[0m image-webp v0.2.4
#12 579.2 [1m[92m   Compiling[0m tracing-subscriber v0.3.23
#12 581.4 [1m[92m   Compiling[0m html5ever v0.35.0
#12 582.0 [1m[92m   Compiling[0m cssparser v0.35.0
#12 582.5 [1m[92m   Compiling[0m deadpool v0.12.3
#12 584.5 [1m[92m   Compiling[0m png v0.18.1
#12 585.4 [1m[92m   Compiling[0m prost v0.13.5
#12 585.6 [1m[92m   Compiling[0m chacha20poly1305 v0.10.1
#12 585.6 [1m[92m   Compiling[0m async-lock v3.4.2
#12 586.0 [1m[92m   Compiling[0m ghash v0.5.1
#12 586.0 [1m[92m   Compiling[0m pkcs1 v0.7.5
#12 586.6 [1m[92m   Compiling[0m ed25519-dalek v2.2.0
#12 586.8 [1m[92m   Compiling[0m opentelemetry-proto v0.31.0
#12 588.2 [1m[92m   Compiling[0m json5 v0.4.1
#12 589.2 [1m[92m   Compiling[0m rust-ini v0.20.0
#12 589.7 [1m[92m   Compiling[0m validator_derive v0.20.0
#12 590.1 [1m[92m   Compiling[0m matrix-pickle v0.2.2
#12 590.2 [1m[92m   Compiling[0m opentelemetry-http v0.31.0
#12 590.8 [1m[92m   Compiling[0m tiff v0.11.3
#12 592.0 [1m[92m   Compiling[0m sqlx-macros v0.8.6
#12 593.1 [1m[92m   Compiling[0m toml v0.8.23
#12 593.9 [1m[92m   Compiling[0m simple_asn1 v0.6.4
#12 594.5 [1m[92m   Compiling[0m x25519-dalek v2.0.1
#12 594.6 [1m[92m   Compiling[0m cfb v0.7.3
#12 595.1 [1m[92m   Compiling[0m regex v1.12.3
#12 595.5 [1m[92m   Compiling[0m axum-core v0.5.6
#12 596.1 [1m[92m   Compiling[0m ctr v0.9.2
#12 596.2 [1m[92m   Compiling[0m cbc v0.1.2
#12 596.2 [1m[92m   Compiling[0m password-hash v0.5.0
#12 596.6 [1m[92m   Compiling[0m pem v3.0.6
#12 596.8 [1m[92m   Compiling[0m blake2 v0.10.6
#12 597.0 [1m[92m   Compiling[0m crossbeam-channel v0.5.15
#12 597.2 [1m[92m   Compiling[0m serde_path_to_error v0.1.20
#12 597.3 [1m[92m   Compiling[0m serde_bytes v0.11.19
#12 597.4 [1m[92m   Compiling[0m axum-macros v0.5.0
#12 598.0 [1m[92m   Compiling[0m maplit v1.0.2
#12 598.0 [1m[92m   Compiling[0m pathdiff v0.2.3
#12 598.0 [1m[92m   Compiling[0m unicode-width v0.2.2
#12 598.1 [1m[92m   Compiling[0m unsafe-libyaml v0.2.11
#12 598.9 [1m[92m   Compiling[0m tagptr v0.2.0
#12 598.9 [1m[92m   Compiling[0m unicode-linebreak v0.1.5
#12 599.0 [1m[92m   Compiling[0m smawk v0.3.2
#12 599.0 [1m[92m   Compiling[0m matchit v0.8.4
#12 599.3 [1m[92m   Compiling[0m axum v0.8.8
#12 601.1 [1m[92m   Compiling[0m textwrap v0.16.2
#12 601.6 [1m[92m   Compiling[0m moka v0.12.15
#12 602.3 [1m[92m   Compiling[0m serde_yaml v0.9.34+deprecated
#12 603.4 [1m[92m   Compiling[0m config v0.14.1
#12 605.3 [1m[92m   Compiling[0m ammonia v4.1.2
#12 607.6 [1m[92m   Compiling[0m vodozemac v0.9.0
#12 611.0 [1m[92m   Compiling[0m argon2 v0.5.3
#12 611.3 [1m[92m   Compiling[0m jsonwebtoken v9.3.1
#12 612.3 [1m[92m   Compiling[0m aes-gcm v0.10.3
#12 612.3 [1m[92m   Compiling[0m validator v0.20.0
#12 612.8 [1m[92m   Compiling[0m infer v0.19.0
#12 613.2 [1m[92m   Compiling[0m sqlx v0.8.6
#12 613.4 [1m[92m   Compiling[0m image v0.25.10
#12 625.5 [1m[92m   Compiling[0m opentelemetry-otlp v0.31.1
#12 626.9 [1m[92m   Compiling[0m rsa v0.9.10
#12 627.6 [1m[92m   Compiling[0m deadpool-redis v0.18.0
#12 627.8 [1m[92m   Compiling[0m tracing-opentelemetry v0.32.1
#12 628.3 [1m[92m   Compiling[0m futures v0.3.32
#12 628.3 [1m[92m   Compiling[0m x509-cert v0.2.5
#12 630.0 [1m[92m   Compiling[0m dashmap v6.1.0
#12 630.2 [1m[92m   Compiling[0m metrics v0.23.1
#12 630.3 [1m[92m   Compiling[0m sha1 v0.10.6
#12 630.4 [1m[92m   Compiling[0m dns-lookup v3.0.1
#12 630.5 [1m[92m   Compiling[0m quick-xml v0.37.5
#12 631.1 [1m[92m   Compiling[0m urlencoding v2.1.3
#12 631.2 [1m[92m   Compiling[0m synapse-common v0.1.0 (/workspace/synapse-common)
#12 631.4 [1m[33mwarning[0m[1m: unused import: `Value`[0m
#12 631.4  [1m[94m--> [0msynapse-common/src/error.rs:9:24
#12 631.4   [1m[94m|[0m
#12 631.4 [1m[94m9[0m [1m[94m|[0m use serde_json::{json, Value};
#12 631.4   [1m[94m|[0m                        [1m[33m^^^^^[0m
#12 631.4   [1m[94m|[0m
#12 631.4   [1m[94m= [0m[1mnote[0m: `#[warn(unused_imports)]` (part of `#[warn(unused)]`) on by default
#12 631.4 
#12 644.5 [1m[33mwarning[0m: `synapse-common` (lib) generated 1 warning (run `cargo fix --lib -p synapse-common` to apply 1 suggestion)
#12 644.5 [1m[92m   Compiling[0m synapse-rust v0.1.0 (/workspace)
#12 647.5 [1m[33mwarning[0m[1m: unused import: `Instant`[0m
#12 647.5  [1m[94m--> [0msrc/common/backpressure.rs:7:27
#12 647.5   [1m[94m|[0m
#12 647.5 [1m[94m7[0m [1m[94m|[0m use std::time::{Duration, Instant};
#12 647.5   [1m[94m|[0m                           [1m[33m^^^^^^^[0m
#12 647.5   [1m[94m|[0m
#12 647.5   [1m[94m= [0m[1mnote[0m: `#[warn(unused_imports)]` (part of `#[warn(unused)]`) on by default
#12 647.5 
#12 647.5 [1m[33mwarning[0m[1m: unused imports: `Verifier` and `VerifyingKey`[0m
#12 647.5  [1m[94m--> [0msrc/e2ee/crypto/ed25519.rs:5:41
#12 647.5   [1m[94m|[0m
#12 647.5 [1m[94m5[0m [1m[94m|[0m use ed25519_dalek::{Signer, SigningKey, Verifier, VerifyingKey};
#12 647.5   [1m[94m|[0m                                         [1m[33m^^^^^^^^[0m  [1m[33m^^^^^^^^^^^^[0m
#12 647.5 
#12 647.6 [1m[33mwarning[0m[1m: unused import: `crate::services::*`[0m
#12 647.6  [1m[94m--> [0msrc/services/media_service.rs:5:5
#12 647.6   [1m[94m|[0m
#12 647.6 [1m[94m5[0m [1m[94m|[0m use crate::services::*;
#12 647.6   [1m[94m|[0m     [1m[33m^^^^^^^^^^^^^^^^^^[0m
#12 647.6 
#12 647.6 [1m[33mwarning[0m[1m: unused import: `crate::services::*`[0m
#12 647.6  [1m[94m--> [0msrc/services/registration_service.rs:5:5
#12 647.6   [1m[94m|[0m
#12 647.6 [1m[94m5[0m [1m[94m|[0m use crate::services::*;
#12 647.6   [1m[94m|[0m     [1m[33m^^^^^^^^^^^^^^^^^^[0m
#12 647.6 
#12 668.0 [1m[33mwarning[0m[1m: unused import: `sqlx::Row`[0m
#12 668.0   [1m[94m--> [0msrc/services/room/service.rs:11:5
#12 668.0    [1m[94m|[0m
#12 668.0 [1m[94m11[0m [1m[94m|[0m use sqlx::Row;
#12 668.0    [1m[94m|[0m     [1m[33m^^^^^^^^^[0m
#12 668.0 
#12 668.0 [1m[33mwarning[0m[1m: unused import: `crate::services`[0m
#12 668.0  [1m[94m--> [0msrc/services/sync_service/api.rs:5:5
#12 668.0   [1m[94m|[0m
#12 668.0 [1m[94m5[0m [1m[94m|[0m use crate::services::*;
#12 668.0   [1m[94m|[0m     [1m[33m^^^^^^^^^^^^^^^[0m
#12 668.0 
#12 668.3 [1m[33mwarning[0m[1m: unused variable: `permit`[0m
#12 668.3    [1m[94m--> [0msrc/common/backpressure.rs:158:19
#12 668.3     [1m[94m|[0m
#12 668.3 [1m[94m158[0m [1m[94m|[0m             Ok(Ok(permit)) => {
#12 668.3     [1m[94m|[0m                   [1m[33m^^^^^^[0m [1m[33mhelp: if this is intentional, prefix it with an underscore: `_permit`[0m
#12 668.3     [1m[94m|[0m
#12 668.3     [1m[94m= [0m[1mnote[0m: `#[warn(unused_variables)]` (part of `#[warn(unused)]`) on by default
#12 668.3 
#12 668.3 [1m[33mwarning[0m[1m: unused variable: `e`[0m
#12 668.3    [1m[94m--> [0msrc/common/backpressure.rs:341:17
#12 668.3     [1m[94m|[0m
#12 668.3 [1m[94m341[0m [1m[94m|[0m             Err(e) => {
#12 668.3     [1m[94m|[0m                 [1m[33m^[0m [1m[33mhelp: if this is intentional, prefix it with an underscore: `_e`[0m
#12 668.3 
#12 677.9 [1m[33mwarning[0m[1m: field `low_watermark` is never read[0m
#12 677.9    [1m[94m--> [0msrc/common/backpressure.rs:234:5
#12 677.9     [1m[94m|[0m
#12 677.9 [1m[94m232[0m [1m[94m|[0m pub struct PoolWatermarkController {
#12 677.9     [1m[94m|[0m            [1m[94m-----------------------[0m [1m[94mfield in this struct[0m
#12 677.9 [1m[94m233[0m [1m[94m|[0m     /// 低水位线
#12 677.9 [1m[94m234[0m [1m[94m|[0m     low_watermark: usize,
#12 677.9     [1m[94m|[0m     [1m[33m^^^^^^^^^^^^^[0m
#12 677.9     [1m[94m|[0m
#12 677.9     [1m[94m= [0m[1mnote[0m: `#[warn(dead_code)]` (part of `#[warn(unused)]`) on by default
#12 677.9 
#12 677.9 [1m[33mwarning[0m[1m: struct `AuditPaginationQuery` is never constructed[0m
#12 677.9     [1m[94m--> [0msrc/web/routes/e2ee_routes.rs:1147:8
#12 677.9      [1m[94m|[0m
#12 677.9 [1m[94m1147[0m [1m[94m|[0m struct AuditPaginationQuery {
#12 677.9      [1m[94m|[0m        [1m[33m^^^^^^^^^^^^^^^^^^^^[0m
#12 677.9 
#12 677.9 [1m[33mwarning[0m[1m: function `get_key_history` is never used[0m
#12 677.9     [1m[94m--> [0msrc/web/routes/e2ee_routes.rs:1153:10
#12 677.9      [1m[94m|[0m
#12 677.9 [1m[94m1153[0m [1m[94m|[0m async fn get_key_history(
#12 677.9      [1m[94m|[0m          [1m[33m^^^^^^^^^^^^^^^[0m
#12 677.9 
#12 907.7 [1m[33mwarning[0m: `synapse-rust` (lib) generated 11 warnings (run `cargo fix --lib -p synapse-rust` to apply 6 suggestions)
#12 926.9 [1m[92m    Finished[0m `release` profile [optimized] target(s) in 8m 41s
#12 DONE 927.2s

#13 [tools 5/5] WORKDIR /app
#13 CACHED

#14 exporting to image
#14 exporting layers done
#14 writing image sha256:0fbd9ca49400b976d68735ea6b99ec42ca4e6db45c05190773803402cad36486 done
#14 naming to docker.io/library/synapse-rust:latest done
#14 DONE 0.1s

#15 resolving provenance for metadata file
#15 DONE 0.0s
 Image synapse-rust:latest Built 
[element-web-harness] Starting browser interop stack
 Container synapse-element-web Running 
 Container synapse-postgres Running 
 Container synapse-redis Running 
 Container synapse-rust Running 
 Container synapse-redis Waiting 
 Container synapse-postgres Waiting 
 Container synapse-postgres Healthy 
 Container synapse-redis Healthy 
 Container synapse-rust Waiting 
 Container synapse-element-web Waiting 
 Container synapse-rust Healthy 
 Container synapse-element-web Healthy 
 Container synapse-nginx Starting 
 Container synapse-nginx Started 
[element-web-harness] Waiting for Matrix HTTPS endpoint
[element-web-harness] Waiting for Element Web
[element-web-harness] Registered test user @elementweb_1781095771_23395:matrix.test
[element-web-harness] Running Element Web test: test:basic

> element-web-harness@0.1.0 test:basic
> node basic-interactions.mjs

[element-web] opening https://element.test/#/login
[element-web:debug] Initialised rageshake.
[element-web:debug] To fix line numbers in Chrome: Meatball menu → Settings → Ignore list → Add /rageshake\.ts & /logger\.ts$
[element-web:debug] Using Web platform
[element-web:pageerror] ReferenceError: Cannot access 'B' before initialization
    at Object.J (https://element.test/bundles/cf3bb8c0811189dfa3be/init.js:1:63156)
    at y.start (https://element.test/bundles/cf3bb8c0811189dfa3be/init.js:1:1350110)
    at get instance (https://element.test/bundles/cf3bb8c0811189dfa3be/init.js:1:1467348)
    at ./src/stores/widgets/WidgetLayoutStore.ts (https://element.test/bundles/cf3bb8c0811189dfa3be/init.js:1:1475314)
    at a (https://element.test/bundles/cf3bb8c0811189dfa3be/bundle.js:2:17066)
    at ./src/utils/WidgetUtils.ts (https://element.test/bundles/cf3bb8c0811189dfa3be/init.js:1:1582744)
    at a (https://element.test/bundles/cf3bb8c0811189dfa3be/bundle.js:2:17066)
    at ./src/stores/ActiveWidgetStore.ts (https://element.test/bundles/cf3bb8c0811189dfa3be/init.js:1:1323398)
    at a (https://element.test/bundles/cf3bb8c0811189dfa3be/bundle.js:2:17066)
    at ./src/stores/WidgetStore.ts (https://element.test/bundles/cf3bb8c0811189dfa3be/init.js:1:1355058)
[element-web:pageerror] ReferenceError: Cannot access 'B' before initialization
    at Object.J (https://element.test/bundles/cf3bb8c0811189dfa3be/init.js:1:63156)
    at l.start (https://element.test/bundles/cf3bb8c0811189dfa3be/init.js:1:1350110)
    at d.start (https://element.test/bundles/cf3bb8c0811189dfa3be/init.js:1:1327098)
    at https://element.test/bundles/cf3bb8c0811189dfa3be/init.js:1:1519871
    at ./src/stores/widgets/WidgetMessagingStore.ts (https://element.test/bundles/cf3bb8c0811189dfa3be/init.js:1:1519882)
    at a (https://element.test/bundles/cf3bb8c0811189dfa3be/bundle.js:2:17066)
    at ./src/stores/ActiveWidgetStore.ts (https://element.test/bundles/cf3bb8c0811189dfa3be/init.js:1:1323432)
    at a (https://element.test/bundles/cf3bb8c0811189dfa3be/bundle.js:2:17066)
    at ./src/stores/WidgetStore.ts (https://element.test/bundles/cf3bb8c0811189dfa3be/init.js:1:1355058)
    at a (https://element.test/bundles/cf3bb8c0811189dfa3be/bundle.js:2:17066)
[element-web:pageerror] ReferenceError: Cannot access 'B' before initialization
    at Object.J (https://element.test/bundles/cf3bb8c0811189dfa3be/init.js:1:63156)
    at l.start (https://element.test/bundles/cf3bb8c0811189dfa3be/init.js:1:1350110)
    at h.start (https://element.test/bundles/cf3bb8c0811189dfa3be/init.js:1:1327098)
    at https://element.test/bundles/cf3bb8c0811189dfa3be/init.js:1:1358258
    at ./src/stores/WidgetStore.ts (https://element.test/bundles/cf3bb8c0811189dfa3be/init.js:1:1358269)
    at a (https://element.test/bundles/cf3bb8c0811189dfa3be/bundle.js:2:17066)
    at ./src/modules/ModuleRunner.ts (https://element.test/bundles/cf3bb8c0811189dfa3be/init.js:1:1201994)
    at a (https://element.test/bundles/cf3bb8c0811189dfa3be/bundle.js:2:17066)
    at ./src/SecurityManager.ts (https://element.test/bundles/cf3bb8c0811189dfa3be/init.js:1:126865)
    at a (https://element.test/bundles/cf3bb8c0811189dfa3be/bundle.js:2:17066)
[element-web:error] Failed to load resource: the server responded with a status of 404 ()
[element-web:warning] No bug report endpoint set - logs will not be persisted
[element-web:debug] returning explicit theme: light
[element-web:debug] returning explicit theme: light
[element-web:debug] set language to en
[element-web:debug] Application is running in production mode
[element-web:debug] Vector starting at https://element.test/
[element-web:log] startUpdater, current version is 1.12.21
[element-web:debug] Verifying homeserver configuration
[element-web:debug] Config uses a default_server_config - validating object
[element-web:log] No update available, already on 1.12.21
[element-web:debug] FetchHttpApi: --> GET https://matrix.test/_matrix/client/versions
[element-web:debug] FetchHttpApi: <-- GET https://matrix.test/_matrix/client/versions [11ms 200]
[element-web:debug] FetchHttpApi: --> GET https://matrix.test/_matrix/client/unstable/org.matrix.msc2965/auth_metadata
[element-web:debug] FetchHttpApi: <-- GET https://matrix.test/_matrix/client/unstable/org.matrix.msc2965/auth_metadata [12ms 200]
[element-web:debug] Using homeserver config: {hsUrl: https://matrix.test, hsName: matrix.test, hsNameIsDifferent: false, isUrl: undefined, isDefault: true}
[element-web:debug] Updating SdkConfig with validated discovery information
[element-web:debug] returning explicit theme: light
[element-web:info] checkSessionLockFree No other session has the lock
[element-web:info] getSessionLock[f4606c0c-9d26-466b-983b-80708c9b0d2f] No other session has the lock: proceeding with startup
[element-web:debug] No previous session found.
[element-web:debug] showScreenAfterLogin: showing screen login
[element-web:debug] showScreen login
[element-web:debug] MatrixChat: handling action view_welcome_page
[element-web:debug] MatrixChat: Queuing change of view from LOADING to WELCOME
[element-web:debug] newscreen welcome
[element-web:debug] MatrixChat: handling action start_login
[element-web:debug] MatrixChat: Queuing change of view from LOADING to LOGIN
[element-web:warning] Recording already started for: mx_PageChange
[element-web:debug] newscreen login
[element-web:debug] FetchHttpApi: --> GET https://matrix.test/_matrix/client/versions
[element-web:debug] FetchHttpApi: <-- GET https://matrix.test/_matrix/client/versions [47ms 200]
[element-web:debug] FetchHttpApi: --> GET https://matrix.test/_matrix/client/unstable/org.matrix.msc2965/auth_metadata
[element-web:debug] FetchHttpApi: <-- GET https://matrix.test/_matrix/client/unstable/org.matrix.msc2965/auth_metadata [24ms 200]
[element-web:error] Failed to get oidc native flow Error: Dynamic registration not supported
    at d (https://element.test/bundles/cf3bb8c0811189dfa3be/7837.js:2:346785)
    at https://element.test/bundles/cf3bb8c0811189dfa3be/element-web-app.js:1:38545
    at async P (https://element.test/bundles/cf3bb8c0811189dfa3be/element-web-app.js:1:38293)
    at async T.getFlows (https://element.test/bundles/cf3bb8c0811189dfa3be/element-web-app.js:1:37189)
[element-web:debug] FetchHttpApi: --> GET https://matrix.test/_matrix/client/v3/login
[element-web:debug] FetchHttpApi: <-- GET https://matrix.test/_matrix/client/v3/login [11ms 200]
[element-web:debug] Skipping flow {type: m.login.token} due to unsupported login type m.login.token
[element-web:debug] FetchHttpApi: --> POST https://matrix.test/_matrix/client/v3/login
[element-web:error] Failed to load resource: the server responded with a status of 429 ()
[element-web:debug] FetchHttpApi: <-- POST https://matrix.test/_matrix/client/v3/login [12ms 429]
[element-web:debug] Login failed a: Server returned 429 error
    at l (https://element.test/bundles/cf3bb8c0811189dfa3be/257.js:2:29430)
    at p.requestOtherUrl (https://element.test/bundles/cf3bb8c0811189dfa3be/257.js:2:26404)
    at async p.doAuthedRequest (https://element.test/bundles/cf3bb8c0811189dfa3be/257.js:2:24368)
    at async ye.loginRequest (https://element.test/bundles/cf3bb8c0811189dfa3be/7837.js:2:87500)
    at async M (https://element.test/bundles/cf3bb8c0811189dfa3be/element-web-app.js:1:38718)
[element-web] interactions failed; screenshot: /Users/ljf/Desktop/hu_ts/synapse-rust/artifacts/e2ee-interop-basic/element-web-interactions-failure-1781096587468.png
file:///Users/ljf/Desktop/hu_ts/synapse-rust/tests/element-web-harness/basic-interactions.mjs:209
        setTimeout(() => reject(new Error("Login timeout")), 180_000);
                                ^

Error: Login timeout
    at Timeout._onTimeout (file:///Users/ljf/Desktop/hu_ts/synapse-rust/tests/element-web-harness/basic-interactions.mjs:209:33)
    at listOnTimeout (node:internal/timers:585:17)
    at process.processTimers (node:internal/timers:521:7)

Node.js v22.22.2
ement.test/bundles/cf3bb8c0811189dfa3be/element-web-app.js:1:38545
    at async P (https://element.test/bundles/cf3bb8c0811189dfa3be/element-web-app.js:1:38293)
    at async T.getFlows (https://element.test/bundles/cf3bb8c0811189dfa3be/element-web-app.js:1:37189)
[element-web:debug] FetchHttpApi: --> GET https://matrix.test/_matrix/client/v3/login
[element-web:debug] FetchHttpApi: <-- GET https://matrix.test/_matrix/client/v3/login [13ms 200]
[element-web:debug] Skipping flow {type: m.login.token} due to unsupported login type m.login.token
[element-web:debug] FetchHttpApi: --> POST https://matrix.test/_matrix/client/v3/login
[element-web:error] Failed to load resource: the server responded with a status of 429 ()
[element-web:debug] FetchHttpApi: <-- POST https://matrix.test/_matrix/client/v3/login [13ms 429]
[element-web:debug] Login failed a: Server returned 429 error
    at l (https://element.test/bundles/cf3bb8c0811189dfa3be/257.js:2:29430)
    at p.requestOtherUrl (https://element.test/bundles/cf3bb8c0811189dfa3be/257.js:2:26404)
    at async p.doAuthedRequest (https://element.test/bundles/cf3bb8c0811189dfa3be/257.js:2:24368)
    at async ye.loginRequest (https://element.test/bundles/cf3bb8c0811189dfa3be/7837.js:2:87500)
    at async M (https://element.test/bundles/cf3bb8c0811189dfa3be/element-web-app.js:1:38718)
[element-web] interactions failed; screenshot: /Users/ljf/Desktop/hu_ts/synapse-rust/artifacts/e2ee-interop-basic/element-web-interactions-failure-1781096587467.png
file:///Users/ljf/Desktop/hu_ts/synapse-rust/tests/element-web-harness/basic-interactions.mjs:209
        setTimeout(() => reject(new Error("Login timeout")), 180_000);
                                ^

Error: Login timeout
    at Timeout._onTimeout (file:///Users/ljf/Desktop/hu_ts/synapse-rust/tests/element-web-harness/basic-interactions.mjs:209:33)
    at listOnTimeout (node:internal/timers:585:17)
    at process.processTimers (node:internal/timers:521:7)

Node.js v22.22.2
