#0 building with "orbstack" instance using docker driver

#1 [internal] load build definition from Dockerfile
#1 transferring dockerfile: 8.82kB 0.0s done
#1 DONE 0.0s

#2 [internal] load metadata for docker.io/library/rust:1.93.0-slim-bookworm
#2 DONE 0.0s

#3 [internal] load metadata for docker.io/library/debian:bookworm-slim
#3 DONE 0.3s

#4 [internal] load .dockerignore
#4 transferring context: 1.40kB 0.0s done
#4 DONE 0.0s

#5 [builder  1/15] FROM docker.io/library/rust:1.93.0-slim-bookworm
#5 DONE 0.0s

#6 [tools 1/5] FROM docker.io/library/debian:bookworm-slim@sha256:0104b334637a5f19aa9c983a91b54c89887c0984081f2068983107a6f6c21eeb
#6 DONE 0.0s

#7 [internal] load build context
#7 transferring context: 350.14kB 0.3s done
#7 DONE 0.4s

#8 [builder  3/15] RUN apt-get update && apt-get install -y --no-install-recommends     ca-certificates     clang     file     pkg-config     libssl-dev     build-essential     && rm -rf /var/lib/apt/lists/*
#8 CACHED

#9 [builder  5/15] COPY .sqlx ./.sqlx
#9 CACHED

#10 [builder 12/15] COPY synapse-web/Cargo.toml         ./synapse-web/Cargo.toml
#10 CACHED

#11 [builder 13/15] RUN --mount=type=cache,target=/usr/local/cargo/registry,sharing=locked     --mount=type=cache,target=/usr/local/cargo/git,sharing=locked     mkdir -p src src/bin synapse-common/src synapse-cache/src synapse-storage/src synapse-e2ee/src              synapse-federation/src synapse-services/src synapse-web/src &&     echo "fn main() {}" > src/main.rs &&     echo "fn main() {}" > src/bin/healthcheck.rs &&     echo "pub fn stub() {}" > synapse-common/src/lib.rs &&     echo "pub fn stub() {}" > synapse-cache/src/lib.rs &&     echo "pub fn stub() {}" > synapse-storage/src/lib.rs &&     echo "pub fn stub() {}" > synapse-e2ee/src/lib.rs &&     echo "pub fn stub() {}" > synapse-federation/src/lib.rs &&     echo "pub fn stub() {}" > synapse-services/src/lib.rs &&     echo "pub fn stub() {}" > synapse-web/src/lib.rs &&     cargo fetch --locked &&     rm -rf src/ synapse-common/src synapse-cache/src synapse-storage/src synapse-e2ee/src            synapse-federation/src synapse-services/src synapse-web/src
#11 CACHED

#12 [builder  4/15] COPY Cargo.toml Cargo.lock ./
#12 CACHED

#13 [builder 10/15] COPY synapse-federation/Cargo.toml  ./synapse-federation/Cargo.toml
#13 CACHED

#14 [builder 11/15] COPY synapse-services/Cargo.toml    ./synapse-services/Cargo.toml
#14 CACHED

#15 [builder  8/15] COPY synapse-storage/Cargo.toml     ./synapse-storage/Cargo.toml
#15 CACHED

#16 [builder  9/15] COPY synapse-e2ee/Cargo.toml        ./synapse-e2ee/Cargo.toml
#16 CACHED

#17 [builder  2/15] WORKDIR /workspace
#17 CACHED

#18 [builder  6/15] COPY synapse-common/Cargo.toml      ./synapse-common/Cargo.toml
#18 CACHED

#19 [builder  7/15] COPY synapse-cache/Cargo.toml       ./synapse-cache/Cargo.toml
#19 CACHED

#20 [builder 14/15] COPY . .
#20 CACHED

#21 [builder 15/15] RUN --mount=type=cache,target=/usr/local/cargo/registry,sharing=locked     --mount=type=cache,target=/usr/local/cargo/git,sharing=locked     cargo build --release --locked --features server,core-private-chat,openclaw,voice-extended,cas-sso,saml-sso --no-default-features --bin synapse-rust --bin healthcheck &&     install -Dm755 target/release/synapse-rust          /out/app/synapse-rust &&     install -Dm755 target/release/healthcheck           /out/app/healthcheck &&     install -Dm755 docker/db_migrate.sh                 /out/app/scripts/db_migrate.sh &&     install -Dm755 docker/deploy/scripts/container-migrate.sh /out/app/scripts/container-migrate.sh &&     install -Dm755 docker/healthcheck.sh                /out/app/scripts/healthcheck.sh &&     install -Dm755 docker/entrypoint.sh                 /out/app/entrypoint.sh &&     install -Dm644 docker/config_defaults/rate_limit.yaml /out/app/config_defaults/rate_limit.yaml &&     mkdir -p /out/app/config /out/app/data /out/app/logs /out/app/migrations &&     cp -R migrations/. /out/app/migrations/
#21 0.591 info: syncing channel updates for '1.93.0-aarch64-unknown-linux-gnu'
#21 4.345 info: latest update on 2026-01-22, rust version 1.93.0 (254b59607 2026-01-19)
#21 4.369 info: downloading component 'clippy'
#21 7.083 info: downloading component 'rust-src'
#21 9.391 info: downloading component 'rust-std' for 'x86_64-unknown-linux-gnu'
#21 16.32 info: downloading component 'rustfmt'
#21 18.30 info: installing component 'clippy'
#21 18.59 info: installing component 'rust-src'
#21 18.91 info: installing component 'rust-std' for 'x86_64-unknown-linux-gnu'
#21 20.15 info: installing component 'rustfmt'
#21 20.83 [1m[92m   Compiling[0m proc-macro2 v1.0.106
#21 20.83 [1m[92m   Compiling[0m quote v1.0.45
#21 20.90 [1m[92m   Compiling[0m unicode-ident v1.0.24
#21 20.93 [1m[92m   Compiling[0m libc v0.2.186
#21 21.02 [1m[92m   Compiling[0m cfg-if v1.0.4
#21 21.03 [1m[92m   Compiling[0m serde v1.0.228
#21 21.16 [1m[92m   Compiling[0m syn v2.0.117
#21 21.39 [1m[92m   Compiling[0m serde_core v1.0.228
#21 22.10 [1m[92m   Compiling[0m version_check v0.9.5
#21 22.20 [1m[92m   Compiling[0m typenum v1.19.0
#21 22.29 [1m[92m   Compiling[0m generic-array v0.14.7
#21 22.33 [1m[92m   Compiling[0m memchr v2.8.0
#21 22.57 [1m[92m   Compiling[0m parking_lot_core v0.9.12
#21 22.62 [1m[92m   Compiling[0m synstructure v0.13.2
#21 22.63 [1m[92m   Compiling[0m serde_derive v1.0.228
#21 22.78 [1m[92m   Compiling[0m zerofrom-derive v0.1.6
#21 23.17 [1m[92m   Compiling[0m autocfg v1.5.0
#21 23.26 [1m[92m   Compiling[0m pin-project-lite v0.2.17
#21 23.28 [1m[92m   Compiling[0m yoke-derive v0.8.1
#21 23.62 [1m[92m   Compiling[0m once_cell v1.21.4
#21 23.67 [1m[92m   Compiling[0m getrandom v0.2.17
#21 23.74 [1m[92m   Compiling[0m smallvec v1.15.1
#21 23.76 [1m[92m   Compiling[0m scopeguard v1.2.0
#21 23.77 [1m[92m   Compiling[0m lock_api v0.4.14
#21 23.91 [1m[92m   Compiling[0m zerovec-derive v0.11.2
#21 24.06 [1m[92m   Compiling[0m itoa v1.0.18
#21 24.27 [1m[92m   Compiling[0m parking_lot v0.12.5
#21 24.28 [1m[92m   Compiling[0m rand_core v0.6.4
#21 24.36 [1m[92m   Compiling[0m bytes v1.11.1
#21 24.63 [1m[92m   Compiling[0m displaydoc v0.2.5
#21 24.74 [1m[92m   Compiling[0m log v0.4.29
#21 24.80 [1m[92m   Compiling[0m futures-core v0.3.32
#21 24.83 [1m[92m   Compiling[0m libm v0.2.16
#21 24.87 [1m[92m   Compiling[0m crypto-common v0.1.7
#21 24.90 [1m[92m   Compiling[0m socket2 v0.6.3
#21 24.90 [1m[92m   Compiling[0m errno v0.3.14
#21 24.94 [1m[92m   Compiling[0m stable_deref_trait v1.2.1
#21 24.95 [1m[92m   Compiling[0m futures-sink v0.3.32
#21 24.96 [1m[92m   Compiling[0m signal-hook-registry v1.4.8
#21 25.11 [1m[92m   Compiling[0m tokio-macros v2.6.1
#21 25.20 [1m[92m   Compiling[0m tracing-attributes v0.1.31
#21 25.35 [1m[92m   Compiling[0m mio v1.2.0
#21 25.58 [1m[92m   Compiling[0m zerocopy v0.8.48
#21 25.68 [1m[92m   Compiling[0m tokio v1.50.0
#21 25.71 [1m[92m   Compiling[0m zerocopy-derive v0.8.48
#21 28.05 [1m[92m   Compiling[0m icu_normalizer_data v2.1.1
#21 28.10 [1m[92m   Compiling[0m icu_properties_data v2.1.2
#21 28.18 [1m[92m   Compiling[0m tracing-core v0.1.36
#21 28.48 [1m[92m   Compiling[0m num-traits v0.2.19
#21 28.54 [1m[92m   Compiling[0m subtle v2.6.1
#21 28.57 [1m[92m   Compiling[0m thiserror v2.0.18
#21 28.65 [1m[92m   Compiling[0m equivalent v1.0.2
#21 29.36 [1m[92m   Compiling[0m slab v0.4.12
#21 29.40 [1m[92m   Compiling[0m futures-channel v0.3.32
#21 29.46 [1m[92m   Compiling[0m zerofrom v0.1.6
#21 29.48 [1m[92m   Compiling[0m thiserror-impl v2.0.18
#21 29.61 [1m[92m   Compiling[0m zeroize_derive v1.4.3
#21 29.82 [1m[92m   Compiling[0m const-oid v0.9.6
#21 29.91 [1m[92m   Compiling[0m crossbeam-utils v0.8.21
#21 29.96 [1m[92m   Compiling[0m zmij v1.0.21
#21 30.02 [1m[92m   Compiling[0m zeroize v1.8.2
#21 30.07 [1m[92m   Compiling[0m yoke v0.8.1
#21 30.11 [1m[92m   Compiling[0m tracing v0.1.44
#21 30.11 [1m[92m   Compiling[0m futures-macro v0.3.32
#21 30.25 [1m[92m   Compiling[0m futures-task v0.3.32
#21 30.28 [1m[92m   Compiling[0m hashbrown v0.17.0
#21 30.36 [1m[92m   Compiling[0m percent-encoding v2.3.2
#21 30.44 [1m[92m   Compiling[0m futures-io v0.3.32
#21 30.49 [1m[92m   Compiling[0m indexmap v2.14.0
#21 30.49 [1m[92m   Compiling[0m futures-util v0.3.32
#21 31.01 [1m[92m   Compiling[0m serde_json v1.0.149
#21 31.05 [1m[92m   Compiling[0m zerovec v0.11.5
#21 31.34 [1m[92m   Compiling[0m num-integer v0.1.46
#21 31.54 [1m[92m   Compiling[0m block-buffer v0.10.4
#21 31.63 [1m[92m   Compiling[0m digest v0.10.7
#21 31.71 [1m[92m   Compiling[0m tinystr v0.8.2
#21 31.75 [1m[92m   Compiling[0m tokio-util v0.7.18
#21 32.09 [1m[92m   Compiling[0m anyhow v1.0.102
#21 32.16 [1m[92m   Compiling[0m ppv-lite86 v0.2.21
#21 32.19 [1m[92m   Compiling[0m writeable v0.6.2
#21 32.22 [1m[92m   Compiling[0m rand_chacha v0.3.1
#21 32.25 [1m[92m   Compiling[0m find-msvc-tools v0.1.9
#21 32.30 [1m[92m   Compiling[0m litemap v0.8.1
#21 32.31 [1m[92m   Compiling[0m shlex v1.3.0
#21 32.34 [1m[92m   Compiling[0m icu_locale_core v2.1.1
#21 32.35 [1m[92m   Compiling[0m cc v1.2.61
#21 32.76 [1m[92m   Compiling[0m rand v0.8.5
#21 33.01 [1m[92m   Compiling[0m potential_utf v0.1.4
#21 33.07 [1m[92m   Compiling[0m zerotrie v0.2.3
#21 33.21 [1m[92m   Compiling[0m http v1.4.0
#21 33.23 [1m[92m   Compiling[0m base64 v0.22.1
#21 33.42 [1m[92m   Compiling[0m icu_provider v2.1.1
#21 33.56 [1m[92m   Compiling[0m icu_collections v2.1.1
#21 34.08 [1m[92m   Compiling[0m http-body v1.0.1
#21 34.11 [1m[92m   Compiling[0m num-bigint v0.4.6
#21 34.14 [1m[92m   Compiling[0m either v1.15.0
#21 34.21 [1m[92m   Compiling[0m bitflags v2.11.1
#21 34.32 [1m[92m   Compiling[0m fnv v1.0.7
#21 34.33 [1m[92m   Compiling[0m simd-adler32 v0.3.9
#21 35.52 [1m[92m   Compiling[0m icu_properties v2.1.2
#21 35.56 [1m[92m   Compiling[0m icu_normalizer v2.1.1
#21 36.03 [1m[92m   Compiling[0m form_urlencoded v1.2.2
#21 36.12 [1m[92m   Compiling[0m httparse v1.10.1
#21 36.15 [1m[92m   Compiling[0m tower-service v0.3.3
#21 36.21 [1m[92m   Compiling[0m siphasher v1.0.2
#21 36.26 [1m[92m   Compiling[0m phf_shared v0.11.3
#21 36.31 [1m[92m   Compiling[0m idna_adapter v1.2.1
#21 36.50 [1m[92m   Compiling[0m cpufeatures v0.2.17
#21 36.51 [1m[92m   Compiling[0m allocator-api2 v0.2.21
#21 36.52 [1m[92m   Compiling[0m vcpkg v0.2.15
#21 36.64 [1m[92m   Compiling[0m try-lock v0.2.5
#21 36.66 [1m[92m   Compiling[0m httpdate v1.0.3
#21 36.71 [1m[92m   Compiling[0m adler2 v2.0.1
#21 36.75 [1m[92m   Compiling[0m atomic-waker v1.1.2
#21 36.77 [1m[92m   Compiling[0m crc32fast v1.5.0
#21 36.79 [1m[92m   Compiling[0m utf8_iter v1.0.4
#21 36.88 [1m[92m   Compiling[0m pkg-config v0.3.32
#21 37.03 [1m[92m   Compiling[0m openssl-sys v0.9.112
#21 37.17 [1m[92m   Compiling[0m idna v1.1.0
#21 37.21 [1m[92m   Compiling[0m h2 v0.4.13
#21 38.06 [1m[92m   Compiling[0m miniz_oxide v0.8.9
#21 38.67 [1m[92m   Compiling[0m want v0.3.1
#21 38.91 [1m[92m   Compiling[0m phf_generator v0.11.3
#21 39.07 [1m[92m   Compiling[0m bigdecimal v0.4.10
#21 39.14 [1m[92m   Compiling[0m pin-utils v0.1.0
#21 39.51 [1m[92m   Compiling[0m hyper v1.8.1
#21 40.69 [1m[92m   Compiling[0m url v2.5.8
#21 41.63 [1m[92m   Compiling[0m http-body-util v0.1.3
#21 41.64 [1m[92m   Compiling[0m crossbeam-epoch v0.9.18
#21 41.71 [1m[92m   Compiling[0m sync_wrapper v1.0.2
#21 41.73 [1m[92m   Compiling[0m ahash v0.8.12
#21 41.78 [1m[92m   Compiling[0m new_debug_unreachable v1.0.6
#21 41.82 [1m[92m   Compiling[0m tower-layer v0.3.3
#21 41.87 [1m[92m   Compiling[0m ipnet v2.12.0
#21 41.91 [1m[92m   Compiling[0m base64ct v1.8.3
#21 42.03 [1m[92m   Compiling[0m hyper-util v0.1.20
#21 42.42 [1m[92m   Compiling[0m flate2 v1.1.9
#21 42.64 [1m[92m   Compiling[0m block-padding v0.3.3
#21 42.67 [1m[92m   Compiling[0m crunchy v0.2.4
#21 42.78 [1m[92m   Compiling[0m getrandom v0.4.2
#21 42.84 [1m[92m   Compiling[0m rayon-core v1.13.0
#21 42.89 [1m[92m   Compiling[0m inout v0.1.4
#21 43.42 [1m[92m   Compiling[0m tower v0.5.3
#21 43.51 [1m[92m   Compiling[0m crossbeam-deque v0.8.6
#21 43.57 [1m[92m   Compiling[0m itertools v0.14.0
#21 43.90 [1m[92m   Compiling[0m tokio-stream v0.1.18
#21 44.06 [1m[92m   Compiling[0m equator-macro v0.4.2
#21 44.14 [1m[92m   Compiling[0m async-trait v0.1.89
#21 44.38 [1m[92m   Compiling[0m openssl v0.10.76
#21 44.46 [1m[92m   Compiling[0m spin v0.9.8
#21 44.56 [1m[92m   Compiling[0m foreign-types-shared v0.1.1
#21 44.57 [1m[92m   Compiling[0m getrandom v0.3.4
#21 44.61 [1m[92m   Compiling[0m tiny-keccak v2.0.2
#21 44.66 [1m[92m   Compiling[0m ryu v1.0.23
#21 44.75 [1m[92m   Compiling[0m foreign-types v0.3.2
#21 44.77 [1m[92m   Compiling[0m lazy_static v1.5.0
#21 44.84 [1m[92m   Compiling[0m equator v0.4.2
#21 44.96 [1m[92m   Compiling[0m cipher v0.4.4
#21 45.60 [1m[92m   Compiling[0m concurrent-queue v2.5.0
#21 45.85 [1m[92m   Compiling[0m arrayvec v0.7.6
#21 45.85 [1m[92m   Compiling[0m openssl-macros v0.1.1
#21 45.93 [1m[92m   Compiling[0m mime v0.3.17
#21 46.02 [1m[92m   Compiling[0m unicase v2.9.0
#21 46.07 [1m[92m   Compiling[0m tinyvec_macros v0.1.1
#21 46.30 [1m[92m   Compiling[0m native-tls v0.2.18
#21 46.32 [1m[92m   Compiling[0m foldhash v0.1.5
#21 46.36 [1m[92m   Compiling[0m semver v1.0.28
#21 46.39 [1m[92m   Compiling[0m parking v2.2.1
#21 46.45 [1m[92m   Compiling[0m rustc_version v0.4.1
#21 46.47 [1m[92m   Compiling[0m event-listener v5.4.1
#21 46.57 [1m[92m   Compiling[0m hashbrown v0.15.5
#21 46.82 [1m[92m   Compiling[0m tinyvec v1.11.0
#21 46.94 [1m[92m   Compiling[0m mime_guess v2.0.5
#21 49.69 [1m[92m   Compiling[0m uuid v1.23.0
#21 49.88 [1m[92m   Compiling[0m aligned-vec v0.6.4
#21 50.06 [1m[92m   Compiling[0m hashbrown v0.14.5
#21 50.10 [1m[92m   Compiling[0m pem-rfc7468 v0.7.0
#21 50.36 [1m[92m   Compiling[0m phf_macros v0.11.3
#21 50.44 [1m[92m   Compiling[0m phf_codegen v0.11.3
#21 50.47 [1m[92m   Compiling[0m string_cache_codegen v0.5.4
#21 50.61 [1m[92m   Compiling[0m sha2 v0.10.9
#21 51.14 [1m[92m   Compiling[0m universal-hash v0.5.1
#21 51.18 [1m[92m   Compiling[0m der_derive v0.7.3
#21 51.20 [1m[92m   Compiling[0m aho-corasick v1.1.4
#21 51.60 [1m[92m   Compiling[0m proc-macro-error-attr2 v2.0.0
#21 51.71 [1m[92m   Compiling[0m compression-core v0.4.31
#21 51.80 [1m[92m   Compiling[0m openssl-probe v0.2.1
#21 51.90 [1m[92m   Compiling[0m winnow v1.0.0
#21 52.37 [1m[92m   Compiling[0m crc-catalog v2.4.0
#21 52.39 [1m[92m   Compiling[0m ucd-trie v0.1.7
#21 52.46 [1m[92m   Compiling[0m opaque-debug v0.3.1
#21 52.55 [1m[92m   Compiling[0m regex-syntax v0.8.10
#21 53.11 [1m[92m   Compiling[0m flagset v0.4.7
#21 53.18 [1m[92m   Compiling[0m iana-time-zone v0.1.65
#21 54.27 [1m[92m   Compiling[0m regex-automata v0.4.14
#21 55.58 [1m[92m   Compiling[0m chrono v0.4.44
#21 56.11 [1m[92m   Compiling[0m der v0.7.10
#21 57.25 [1m[92m   Compiling[0m pest v2.8.6
#21 57.69 [1m[92m   Compiling[0m crc v3.4.0
#21 57.74 [1m[92m   Compiling[0m toml_parser v1.1.0+spec-1.1.0
#21 58.50 [1m[92m   Compiling[0m compression-codecs v0.4.37
#21 58.64 [1m[92m   Compiling[0m proc-macro-error2 v2.0.1
#21 59.40 [1m[92m   Compiling[0m phf v0.11.3
#21 59.44 [1m[92m   Compiling[0m web_atoms v0.1.3
#21 60.05 [1m[92m   Compiling[0m futures-intrusive v0.5.0
#21 60.18 [1m[92m   Compiling[0m rand_core v0.9.5
#21 60.25 [1m[92m   Compiling[0m v_frame v0.3.9
#21 60.32 [1m[92m   Compiling[0m const-random-macro v0.1.16
#21 60.53 [1m[92m   Compiling[0m unicode-normalization v0.1.25
#21 60.80 [1m[92m   Compiling[0m hashlink v0.10.0
#21 60.89 [1m[92m   Compiling[0m curve25519-dalek v4.1.3
#21 60.91 [1m[92m   Compiling[0m rayon v1.12.0
#21 60.95 [1m[92m   Compiling[0m crossbeam-queue v0.3.12
#21 60.98 [1m[92m   Compiling[0m hmac v0.12.1
#21 61.01 [1m[92m   Compiling[0m num-rational v0.4.2
#21 61.42 [1m[92m   Compiling[0m opentelemetry v0.31.0
#21 61.75 [1m[92m   Compiling[0m ipnetwork v0.20.0
#21 61.82 [1m[92m   Compiling[0m as-slice v0.2.1
#21 61.84 [1m[92m   Compiling[0m pin-project-internal v1.1.11
#21 62.24 [1m[92m   Compiling[0m encoding_rs v0.8.35
#21 62.64 [1m[92m   Compiling[0m ident_case v1.0.1
#21 62.92 [1m[92m   Compiling[0m av-scenechange v0.14.1
#21 62.97 [1m[92m   Compiling[0m rustversion v1.0.22
#21 63.06 [1m[92m   Compiling[0m toml_datetime v1.1.0+spec-1.1.0
#21 63.12 [1m[92m   Compiling[0m built v0.8.0
#21 63.27 [1m[92m   Compiling[0m mac v0.1.1
#21 63.29 [1m[92m   Compiling[0m precomputed-hash v0.1.1
#21 63.42 [1m[92m   Compiling[0m strsim v0.11.1
#21 63.52 [1m[92m   Compiling[0m unicode-bidi v0.3.18
#21 63.70 [1m[92m   Compiling[0m paste v1.0.15
#21 63.76 [1m[92m   Compiling[0m unicode-properties v0.1.4
#21 63.81 [1m[92m   Compiling[0m stringprep v0.1.5
#21 63.94 [1m[92m   Compiling[0m darling_core v0.20.11
#21 64.33 [1m[92m   Compiling[0m string_cache v0.8.9
#21 64.43 [1m[92m   Compiling[0m futf v0.1.5
#21 64.46 [1m[92m   Compiling[0m rav1e v0.8.1
#21 64.53 [1m[92m   Compiling[0m toml_edit v0.25.8+spec-1.1.0
#21 64.74 [1m[92m   Compiling[0m sqlx-core v0.8.6
#21 65.25 [1m[92m   Compiling[0m pin-project v1.1.11
#21 65.26 [1m[92m   Compiling[0m aligned v0.4.3
#21 65.29 [1m[92m   Compiling[0m hkdf v0.12.4
#21 65.32 [1m[92m   Compiling[0m const-random v0.1.18
#21 65.34 [1m[92m   Compiling[0m rand_chacha v0.9.0
#21 65.81 [1m[92m   Compiling[0m async-compression v0.4.41
#21 65.87 [1m[92m   Compiling[0m tokio-native-tls v0.3.1
#21 65.91 [1m[92m   Compiling[0m pest_meta v2.8.6
#21 65.99 [1m[92m   Compiling[0m spki v0.7.3
#21 66.15 [1m[92m   Compiling[0m serde_urlencoded v0.7.1
#21 66.23 [1m[92m   Compiling[0m prost-derive v0.14.3
#21 66.42 [1m[92m   Compiling[0m hyper-timeout v0.5.2
#21 66.47 [1m[92m   Compiling[0m md-5 v0.10.6
#21 66.50 [1m[92m   Compiling[0m atoi v2.0.0
#21 66.55 [1m[92m   Compiling[0m signature v2.2.0
#21 66.62 [1m[92m   Compiling[0m futures-executor v0.3.32
#21 66.79 [1m[92m   Compiling[0m profiling-procmacros v1.0.17
#21 66.82 [1m[92m   Compiling[0m arg_enum_proc_macro v0.3.4
#21 66.93 [1m[92m   Compiling[0m nom v8.0.0
#21 67.04 [1m[92m   Compiling[0m no_std_io2 v0.9.3
#21 67.05 [1m[92m   Compiling[0m iri-string v0.7.11
#21 68.07 [1m[92m   Compiling[0m time-core v0.1.8
#21 68.11 [1m[92m   Compiling[0m home v0.5.12
#21 68.14 [1m[92m   Compiling[0m byteorder v1.5.0
#21 68.25 [1m[92m   Compiling[0m utf-8 v0.7.6
#21 68.31 [1m[92m   Compiling[0m http-range-header v0.4.2
#21 68.31 [1m[92m   Compiling[0m pastey v0.1.1
#21 68.46 [1m[92m   Compiling[0m y4m v0.8.0
#21 68.47 [1m[92m   Compiling[0m hex v0.4.3
#21 68.54 [1m[92m   Compiling[0m dotenvy v0.15.7
#21 68.55 [1m[92m   Compiling[0m quick-error v2.0.1
#21 68.57 [1m[92m   Compiling[0m powerfmt v0.2.0
#21 68.63 [1m[92m   Compiling[0m whoami v1.6.1
#21 68.64 [1m[92m   Compiling[0m num-conv v0.2.1
#21 68.67 [1m[92m   Compiling[0m time-macros v0.2.27
#21 68.70 [1m[92m   Compiling[0m sqlx-postgres v0.8.6
#21 69.02 [1m[92m   Compiling[0m deranged v0.5.8
#21 69.76 [1m[92m   Compiling[0m tower-http v0.6.8
#21 70.90 [1m[92m   Compiling[0m tendril v0.4.3
#21 70.99 [1m[92m   Compiling[0m av1-grain v0.2.5
#21 71.95 [1m[92m   Compiling[0m bitstream-io v4.10.0
#21 72.17 [1m[92m   Compiling[0m profiling v1.0.17
#21 72.18 [1m[92m   Compiling[0m prost v0.14.3
#21 72.42 [1m[92m   Compiling[0m tonic v0.14.5
#21 74.38 [1m[92m   Compiling[0m pest_generator v2.8.6
#21 74.61 [1m[92m   Compiling[0m hyper-tls v0.6.0
#21 74.90 [1m[92m   Compiling[0m rand v0.9.4
#21 75.16 [1m[92m   Compiling[0m dlv-list v0.5.2
#21 75.84 [1m[92m   Compiling[0m proc-macro-crate v3.5.0
#21 76.09 [1m[92m   Compiling[0m darling_macro v0.20.11
#21 76.30 [1m[92m   Compiling[0m maybe-rayon v0.1.1
#21 76.33 [1m[92m   Compiling[0m ring v0.17.14
#21 76.54 [1m[92m   Compiling[0m rustls-pki-types v1.14.0
#21 76.85 [1m[92m   Compiling[0m half v2.7.1
#21 76.89 [1m[92m   Compiling[0m aead v0.5.2
#21 77.11 [1m[92m   Compiling[0m serde_spanned v0.6.9
#21 77.15 [1m[92m   Compiling[0m toml_datetime v0.6.11
#21 77.28 [1m[92m   Compiling[0m num-derive v0.4.2
#21 77.38 [1m[92m   Compiling[0m fax_derive v0.2.0
#21 77.60 [1m[92m   Compiling[0m simd_helpers v0.1.0
#21 77.62 [1m[92m   Compiling[0m imgref v1.12.0
#21 77.68 [1m[92m   Compiling[0m zune-core v0.5.1
#21 77.80 [1m[92m   Compiling[0m num-bigint-dig v0.8.6
#21 77.84 [1m[92m   Compiling[0m heck v0.5.0
#21 77.99 [1m[92m   Compiling[0m portable-atomic v1.13.1
#21 78.12 [1m[92m   Compiling[0m winnow v0.7.15
#21 78.36 [1m[92m   Compiling[0m weezl v0.1.12
#21 78.82 [1m[92m   Compiling[0m dtoa v1.0.11
#21 78.85 [1m[92m   Compiling[0m noop_proc_macro v0.3.0
#21 78.87 [1m[92m   Compiling[0m toml_write v0.1.2
#21 78.93 [1m[92m   Compiling[0m toml_edit v0.22.27
#21 82.05 [1m[92m   Compiling[0m dtoa-short v0.3.5
#21 82.67 [1m[92m   Compiling[0m time v0.3.47
#21 83.24 [1m[92m   Compiling[0m sqlx-macros-core v0.8.6
#21 83.78 [1m[92m   Compiling[0m zune-jpeg v0.5.15
#21 83.82 [1m[92m   Compiling[0m loop9 v0.1.5
#21 83.84 [1m[92m   Compiling[0m fax v0.2.6
#21 84.39 [1m[92m   Compiling[0m reqwest v0.12.28
#21 87.93 [1m[92m   Compiling[0m darling v0.20.11
#21 87.95 [1m[92m   Compiling[0m arc-swap v1.9.0
#21 88.04 [1m[92m   Compiling[0m matrix-pickle-derive v0.2.2
#21 88.27 [1m[92m   Compiling[0m ordered-multimap v0.7.3
#21 88.35 [1m[92m   Compiling[0m opentelemetry_sdk v0.31.0
#21 90.30 [1m[92m   Compiling[0m markup5ever v0.35.0
#21 90.42 [1m[92m   Compiling[0m pest_derive v2.8.6
#21 90.60 [1m[92m   Compiling[0m tonic-prost v0.14.5
#21 90.66 [1m[92m   Compiling[0m ed25519 v2.2.3
#21 90.75 [1m[92m   Compiling[0m pkcs8 v0.10.2
#21 91.06 [1m[92m   Compiling[0m matchers v0.2.0
#21 91.10 [1m[92m   Compiling[0m polyval v0.6.2
#21 91.17 [1m[92m   Compiling[0m poly1305 v0.8.0
#21 91.24 [1m[92m   Compiling[0m hashlink v0.8.4
#21 91.33 [1m[92m   Compiling[0m event-listener-strategy v0.5.4
#21 91.36 [1m[92m   Compiling[0m avif-serialize v0.8.8
#21 91.64 [1m[92m   Compiling[0m aes v0.8.4
#21 91.89 [1m[92m   Compiling[0m chacha20 v0.9.1
#21 91.94 [1m[92m   Compiling[0m sharded-slab v0.1.7
#21 92.16 [1m[92m   Compiling[0m prost-derive v0.13.5
#21 92.72 [1m[92m   Compiling[0m itertools v0.13.0
#21 93.42 [1m[92m   Compiling[0m zune-inflate v0.2.54
#21 93.67 [1m[92m   Compiling[0m fdeflate v0.3.7
#21 94.12 [1m[92m   Compiling[0m combine v4.6.7
#21 94.49 [1m[92m   Compiling[0m num-iter v0.1.45
#21 94.55 [1m[92m   Compiling[0m tracing-serde v0.2.0
#21 94.59 [1m[92m   Compiling[0m tracing-log v0.2.0
#21 94.74 [1m[92m   Compiling[0m deadpool-runtime v0.1.4
#21 94.78 [1m[92m   Compiling[0m match_token v0.35.0
#21 95.01 [1m[92m   Compiling[0m cssparser-macros v0.6.1
#21 95.22 [1m[92m   Compiling[0m socket2 v0.5.10
#21 95.54 [1m[92m   Compiling[0m num_cpus v1.17.0
#21 95.89 [1m[92m   Compiling[0m thread_local v1.1.9
#21 95.97 [1m[92m   Compiling[0m pxfm v0.1.29
#21 96.02 [1m[92m   Compiling[0m lebe v0.5.3
#21 96.15 [1m[92m   Compiling[0m rgb v0.8.53
#21 96.45 [1m[92m   Compiling[0m base64 v0.21.7
#21 96.72 [1m[92m   Compiling[0m unicode-segmentation v1.13.2
#21 97.01 [1m[92m   Compiling[0m arraydeque v0.5.1
#21 97.08 [1m[92m   Compiling[0m bit_field v0.10.3
#21 97.12 [1m[92m   Compiling[0m color_quant v1.1.0
#21 97.24 [1m[92m   Compiling[0m byteorder-lite v0.1.0
#21 97.33 [1m[92m   Compiling[0m bytemuck v1.25.0
#21 97.42 [1m[92m   Compiling[0m untrusted v0.9.0
#21 97.46 [1m[92m   Compiling[0m nu-ansi-term v0.50.3
#21 97.70 [1m[92m   Compiling[0m minimal-lexical v0.2.1
#21 97.83 [1m[92m   Compiling[0m sha1_smol v1.0.1
#21 99.99 [1m[92m   Compiling[0m redis v0.27.6
#21 107.1 [1m[92m   Compiling[0m nom v7.1.3
#21 107.9 [1m[92m   Compiling[0m tracing-subscriber v0.3.23
#21 110.6 [1m[92m   Compiling[0m qoi v0.4.1
#21 110.7 [1m[92m   Compiling[0m image-webp v0.2.4
#21 112.1 [1m[92m   Compiling[0m gif v0.14.2
#21 112.3 [1m[92m   Compiling[0m exr v1.74.0
#21 113.0 [1m[92m   Compiling[0m yaml-rust2 v0.8.1
#21 114.7 [1m[92m   Compiling[0m moxcms v0.8.1
#21 115.5 [1m[92m   Compiling[0m convert_case v0.6.0
#21 115.9 [1m[92m   Compiling[0m ron v0.8.1
#21 116.9 [1m[92m   Compiling[0m ravif v0.13.0
#21 120.5 [1m[92m   Compiling[0m deadpool v0.12.3
#21 120.6 [1m[92m   Compiling[0m cssparser v0.35.0
#21 121.2 [1m[92m   Compiling[0m html5ever v0.35.0
#21 123.6 [1m[92m   Compiling[0m png v0.18.1
#21 124.6 [1m[92m   Compiling[0m prost v0.13.5
#21 124.8 [1m[92m   Compiling[0m chacha20poly1305 v0.10.1
#21 124.8 [1m[92m   Compiling[0m async-lock v3.4.2
#21 125.2 [1m[92m   Compiling[0m ghash v0.5.1
#21 125.2 [1m[92m   Compiling[0m pkcs1 v0.7.5
#21 125.8 [1m[92m   Compiling[0m ed25519-dalek v2.2.0
#21 126.0 [1m[92m   Compiling[0m opentelemetry-proto v0.31.0
#21 127.6 [1m[92m   Compiling[0m json5 v0.4.1
#21 127.7 [1m[92m   Compiling[0m rust-ini v0.20.0
#21 128.1 [1m[92m   Compiling[0m matrix-pickle v0.2.2
#21 128.2 [1m[92m   Compiling[0m validator_derive v0.20.0
#21 128.6 [1m[92m   Compiling[0m opentelemetry-http v0.31.0
#21 128.7 [1m[92m   Compiling[0m tiff v0.11.3
#21 129.2 [1m[92m   Compiling[0m sqlx-macros v0.8.6
#21 130.0 [1m[92m   Compiling[0m simple_asn1 v0.6.4
#21 130.3 [1m[92m   Compiling[0m toml v0.8.23
#21 130.7 [1m[92m   Compiling[0m x25519-dalek v2.0.1
#21 130.8 [1m[92m   Compiling[0m cfb v0.7.3
#21 131.2 [1m[92m   Compiling[0m regex v1.12.3
#21 131.4 [1m[92m   Compiling[0m axum-core v0.5.6
#21 131.7 [1m[92m   Compiling[0m ctr v0.9.2
#21 131.7 [1m[92m   Compiling[0m cbc v0.1.2
#21 131.7 [1m[92m   Compiling[0m password-hash v0.5.0
#21 132.1 [1m[92m   Compiling[0m pem v3.0.6
#21 132.1 [1m[92m   Compiling[0m blake2 v0.10.6
#21 132.4 [1m[92m   Compiling[0m crossbeam-channel v0.5.15
#21 132.4 [1m[92m   Compiling[0m serde_path_to_error v0.1.20
#21 132.5 [1m[92m   Compiling[0m axum-macros v0.5.0
#21 132.6 [1m[92m   Compiling[0m serde_bytes v0.11.19
#21 132.7 [1m[92m   Compiling[0m pathdiff v0.2.3
#21 132.7 [1m[92m   Compiling[0m matchit v0.8.4
#21 133.0 [1m[92m   Compiling[0m maplit v1.0.2
#21 133.0 [1m[92m   Compiling[0m tagptr v0.2.0
#21 133.1 [1m[92m   Compiling[0m unicode-width v0.2.2
#21 133.1 [1m[92m   Compiling[0m smawk v0.3.2
#21 133.1 [1m[92m   Compiling[0m unicode-linebreak v0.1.5
#21 133.1 [1m[92m   Compiling[0m unsafe-libyaml v0.2.11
#21 133.2 [1m[92m   Compiling[0m textwrap v0.16.2
#21 133.8 [1m[92m   Compiling[0m serde_yaml v0.9.34+deprecated
#21 134.1 [1m[92m   Compiling[0m axum v0.8.8
#21 135.3 [1m[92m   Compiling[0m moka v0.12.15
#21 136.2 [1m[92m   Compiling[0m ammonia v4.1.2
#21 136.3 [1m[92m   Compiling[0m config v0.14.1
#21 138.6 [1m[92m   Compiling[0m vodozemac v0.9.0
#21 138.9 [1m[92m   Compiling[0m argon2 v0.5.3
#21 139.2 [1m[92m   Compiling[0m jsonwebtoken v9.3.1
#21 140.4 [1m[92m   Compiling[0m aes-gcm v0.10.3
#21 140.5 [1m[92m   Compiling[0m validator v0.20.0
#21 141.1 [1m[92m   Compiling[0m infer v0.19.0
#21 141.5 [1m[92m   Compiling[0m sqlx v0.8.6
#21 141.7 [1m[92m   Compiling[0m image v0.25.10
#21 142.7 [1m[92m   Compiling[0m opentelemetry-otlp v0.31.1
#21 144.3 [1m[92m   Compiling[0m rsa v0.9.10
#21 145.2 [1m[92m   Compiling[0m deadpool-redis v0.18.0
#21 145.4 [1m[92m   Compiling[0m tracing-opentelemetry v0.32.1
#21 146.0 [1m[92m   Compiling[0m futures v0.3.32
#21 146.0 [1m[92m   Compiling[0m x509-cert v0.2.5
#21 147.9 [1m[92m   Compiling[0m dashmap v6.1.0
#21 148.1 [1m[92m   Compiling[0m metrics v0.23.1
#21 148.3 [1m[92m   Compiling[0m sha1 v0.10.6
#21 148.4 [1m[92m   Compiling[0m dns-lookup v3.0.1
#21 148.6 [1m[92m   Compiling[0m quick-xml v0.37.5
#21 149.3 [1m[92m   Compiling[0m urlencoding v2.1.3
#21 149.4 [1m[92m   Compiling[0m synapse-rust v0.1.0 (/workspace)
#21 185.0 [1m[33mwarning[0m[1m: unused import: `Row`[0m
#21 185.0  [1m[94m--> [0msrc/storage/push_notification.rs:4:29
#21 185.0   [1m[94m|[0m
#21 185.0 [1m[94m4[0m [1m[94m|[0m use sqlx::{FromRow, PgPool, Row};
#21 185.0   [1m[94m|[0m                             [1m[33m^^^[0m
#21 185.0   [1m[94m|[0m
#21 185.0   [1m[94m= [0m[1mnote[0m: `#[warn(unused_imports)]` (part of `#[warn(unused)]`) on by default
#21 185.0 
#21 409.7 [1m[33mwarning[0m: `synapse-rust` (lib) generated 1 warning
#21 423.5 [1m[92m    Finished[0m `release` profile [optimized] target(s) in 6m 43s
#21 423.6 install: cannot stat 'docker/config_defaults/rate_limit.yaml': No such file or directory
#21 ERROR: process "/bin/sh -c cargo build --release --locked ${CARGO_FEATURE_ARGS} --bin synapse-rust --bin healthcheck &&     install -Dm755 target/release/synapse-rust          /out/app/synapse-rust &&     install -Dm755 target/release/healthcheck           /out/app/healthcheck &&     install -Dm755 docker/db_migrate.sh                 /out/app/scripts/db_migrate.sh &&     install -Dm755 docker/deploy/scripts/container-migrate.sh /out/app/scripts/container-migrate.sh &&     install -Dm755 docker/healthcheck.sh                /out/app/scripts/healthcheck.sh &&     install -Dm755 docker/entrypoint.sh                 /out/app/entrypoint.sh &&     install -Dm644 docker/config_defaults/rate_limit.yaml /out/app/config_defaults/rate_limit.yaml &&     mkdir -p /out/app/config /out/app/data /out/app/logs /out/app/migrations &&     cp -R migrations/. /out/app/migrations/" did not complete successfully: exit code: 1
------
 > [builder 15/15] RUN --mount=type=cache,target=/usr/local/cargo/registry,sharing=locked     --mount=type=cache,target=/usr/local/cargo/git,sharing=locked     cargo build --release --locked --features server,core-private-chat,openclaw,voice-extended,cas-sso,saml-sso --no-default-features --bin synapse-rust --bin healthcheck &&     install -Dm755 target/release/synapse-rust          /out/app/synapse-rust &&     install -Dm755 target/release/healthcheck           /out/app/healthcheck &&     install -Dm755 docker/db_migrate.sh                 /out/app/scripts/db_migrate.sh &&     install -Dm755 docker/deploy/scripts/container-migrate.sh /out/app/scripts/container-migrate.sh &&     install -Dm755 docker/healthcheck.sh                /out/app/scripts/healthcheck.sh &&     install -Dm755 docker/entrypoint.sh                 /out/app/entrypoint.sh &&     install -Dm644 docker/config_defaults/rate_limit.yaml /out/app/config_defaults/rate_limit.yaml &&     mkdir -p /out/app/config /out/app/data /out/app/logs /out/app/migrations &&     cp -R migrations/. /out/app/migrations/:
185.0  [1m[94m--> [0msrc/storage/push_notification.rs:4:29
185.0   [1m[94m|[0m
185.0 [1m[94m4[0m [1m[94m|[0m use sqlx::{FromRow, PgPool, Row};
185.0   [1m[94m|[0m                             [1m[33m^^^[0m
185.0   [1m[94m|[0m
185.0   [1m[94m= [0m[1mnote[0m: `#[warn(unused_imports)]` (part of `#[warn(unused)]`) on by default
185.0 
409.7 [1m[33mwarning[0m: `synapse-rust` (lib) generated 1 warning
423.5 [1m[92m    Finished[0m `release` profile [optimized] target(s) in 6m 43s
423.6 install: cannot stat 'docker/config_defaults/rate_limit.yaml': No such file or directory
------
Dockerfile:69
--------------------
  68 |     # 强制重新链接最终二进制 (force_relink hack 触发 build script 在缓存中也重新执行)
  69 | >>> RUN --mount=type=cache,target=/usr/local/cargo/registry,sharing=locked \
  70 | >>>     --mount=type=cache,target=/usr/local/cargo/git,sharing=locked \
  71 | >>>     cargo build --release --locked ${CARGO_FEATURE_ARGS} --bin synapse-rust --bin healthcheck && \
  72 | >>>     install -Dm755 target/release/synapse-rust          /out/app/synapse-rust && \
  73 | >>>     install -Dm755 target/release/healthcheck           /out/app/healthcheck && \
  74 | >>>     install -Dm755 docker/db_migrate.sh                 /out/app/scripts/db_migrate.sh && \
  75 | >>>     install -Dm755 docker/deploy/scripts/container-migrate.sh /out/app/scripts/container-migrate.sh && \
  76 | >>>     install -Dm755 docker/healthcheck.sh                /out/app/scripts/healthcheck.sh && \
  77 | >>>     install -Dm755 docker/entrypoint.sh                 /out/app/entrypoint.sh && \
  78 | >>>     install -Dm644 docker/config_defaults/rate_limit.yaml /out/app/config_defaults/rate_limit.yaml && \
  79 | >>>     mkdir -p /out/app/config /out/app/data /out/app/logs /out/app/migrations && \
  80 | >>>     cp -R migrations/. /out/app/migrations/
  81 |     
--------------------
ERROR: failed to build: failed to solve: process "/bin/sh -c cargo build --release --locked ${CARGO_FEATURE_ARGS} --bin synapse-rust --bin healthcheck &&     install -Dm755 target/release/synapse-rust          /out/app/synapse-rust &&     install -Dm755 target/release/healthcheck           /out/app/healthcheck &&     install -Dm755 docker/db_migrate.sh                 /out/app/scripts/db_migrate.sh &&     install -Dm755 docker/deploy/scripts/container-migrate.sh /out/app/scripts/container-migrate.sh &&     install -Dm755 docker/healthcheck.sh                /out/app/scripts/healthcheck.sh &&     install -Dm755 docker/entrypoint.sh                 /out/app/entrypoint.sh &&     install -Dm644 docker/config_defaults/rate_limit.yaml /out/app/config_defaults/rate_limit.yaml &&     mkdir -p /out/app/config /out/app/data /out/app/logs /out/app/migrations &&     cp -R migrations/. /out/app/migrations/" did not complete successfully: exit code: 1
