[element-web-harness] Starting Element Web overlay on top of existing synapse-rust stack
 Container synapse-redis Running 
 Container synapse-element-web Running 
 Container synapse-postgres Running 
 Container synapse-rust Running 
 Container synapse-nginx Running 
 Container synapse-redis Waiting 
 Container synapse-postgres Waiting 
 Container synapse-redis Healthy 
 Container synapse-postgres Healthy 
 Container synapse-rust Waiting 
 Container synapse-element-web Waiting 
 Container synapse-rust Healthy 
 Container synapse-element-web Healthy 
[element-web-harness] Waiting for Matrix HTTPS endpoint
[element-web-harness] Waiting for Element Web
[element-web-harness] Registered test user @elementweb_1781059320_11960:matrix.test
[element-web-harness] Running Element Web login smoke

> element-web-harness@0.1.0 smoke:login
> node login-smoke.mjs

[element-web] opening https://element.test/#/login
[element-web:debug] Initialised rageshake.
[element-web:debug] To fix line numbers in Chrome: Meatball menu → Settings → Ignore list → Add /rageshake\.ts & /logger\.ts$
[element-web:debug] Using Web platform
[element-web:pageerror] ReferenceError: Cannot access 'B' before initialization
    at Object.J (https://element.test/bundles/cf3bb8c0811189dfa3be/init.js:1:63156)
    at y.start (https://element.test/bundles/cf3bb8c0811189dfa3be/init.js:1:1350110)
    at get instance (https://element.test/bundles/cf3bb8c0811189dfa3be/init.js:1:1467348)
    at ./src/stores/widgets/WidgetLayoutStore.ts (https://element.test/bundles/cf3bb8c0811189dfa3be/init.js:1:1475314)
    at a (https://element.test/bundles/cf3bb8c0811189dfa3be/bundle.js:2:17066)
    at ./src/utils/WidgetUtils.ts (https://element.test/bundles/cf3bb8c0811189dfa3be/init.js:1:1582744)
    at a (https://element.test/bundles/cf3bb8c0811189dfa3be/bundle.js:2:17066)
    at ./src/stores/ActiveWidgetStore.ts (https://element.test/bundles/cf3bb8c0811189dfa3be/init.js:1:1323398)
    at a (https://element.test/bundles/cf3bb8c0811189dfa3be/bundle.js:2:17066)
    at ./src/stores/WidgetStore.ts (https://element.test/bundles/cf3bb8c0811189dfa3be/init.js:1:1355058)
[element-web:pageerror] ReferenceError: Cannot access 'B' before initialization
    at Object.J (https://element.test/bundles/cf3bb8c0811189dfa3be/init.js:1:63156)
    at l.start (https://element.test/bundles/cf3bb8c0811189dfa3be/init.js:1:1350110)
    at d.start (https://element.test/bundles/cf3bb8c0811189dfa3be/init.js:1:1327098)
    at https://element.test/bundles/cf3bb8c0811189dfa3be/init.js:1:1519871
    at ./src/stores/widgets/WidgetMessagingStore.ts (https://element.test/bundles/cf3bb8c0811189dfa3be/init.js:1:1519882)
    at a (https://element.test/bundles/cf3bb8c0811189dfa3be/bundle.js:2:17066)
    at ./src/stores/ActiveWidgetStore.ts (https://element.test/bundles/cf3bb8c0811189dfa3be/init.js:1:1323432)
    at a (https://element.test/bundles/cf3bb8c0811189dfa3be/bundle.js:2:17066)
    at ./src/stores/WidgetStore.ts (https://element.test/bundles/cf3bb8c0811189dfa3be/init.js:1:1355058)
    at a (https://element.test/bundles/cf3bb8c0811189dfa3be/bundle.js:2:17066)
[element-web:pageerror] ReferenceError: Cannot access 'B' before initialization
    at Object.J (https://element.test/bundles/cf3bb8c0811189dfa3be/init.js:1:63156)
    at l.start (https://element.test/bundles/cf3bb8c0811189dfa3be/init.js:1:1350110)
    at h.start (https://element.test/bundles/cf3bb8c0811189dfa3be/init.js:1:1327098)
    at https://element.test/bundles/cf3bb8c0811189dfa3be/init.js:1:1358258
    at ./src/stores/WidgetStore.ts (https://element.test/bundles/cf3bb8c0811189dfa3be/init.js:1:1358269)
    at a (https://element.test/bundles/cf3bb8c0811189dfa3be/bundle.js:2:17066)
    at ./src/modules/ModuleRunner.ts (https://element.test/bundles/cf3bb8c0811189dfa3be/init.js:1:1201994)
    at a (https://element.test/bundles/cf3bb8c0811189dfa3be/bundle.js:2:17066)
    at ./src/SecurityManager.ts (https://element.test/bundles/cf3bb8c0811189dfa3be/init.js:1:126865)
    at a (https://element.test/bundles/cf3bb8c0811189dfa3be/bundle.js:2:17066)
[element-web:error] Failed to load resource: the server responded with a status of 404 ()
[element-web:warning] No bug report endpoint set - logs will not be persisted
[element-web:debug] returning explicit theme: light
[element-web:debug] returning explicit theme: light
[element-web:debug] set language to en
[element-web:debug] Application is running in production mode
[element-web:debug] Vector starting at https://element.test/
[element-web:log] startUpdater, current version is 1.12.21
[element-web:debug] Verifying homeserver configuration
[element-web:debug] Config uses a default_server_config - validating object
[element-web:log] No update available, already on 1.12.21
[element-web:debug] FetchHttpApi: --> GET https://matrix.test/_matrix/client/versions
[element-web:debug] FetchHttpApi: <-- GET https://matrix.test/_matrix/client/versions [4ms 200]
[element-web:debug] FetchHttpApi: --> GET https://matrix.test/_matrix/client/unstable/org.matrix.msc2965/auth_metadata
[element-web:debug] FetchHttpApi: <-- GET https://matrix.test/_matrix/client/unstable/org.matrix.msc2965/auth_metadata [8ms 200]
[element-web:debug] Using homeserver config: {hsUrl: https://matrix.test, hsName: matrix.test, hsNameIsDifferent: false, isUrl: undefined, isDefault: true}
[element-web:debug] Updating SdkConfig with validated discovery information
[element-web:debug] returning explicit theme: light
[element-web:info] checkSessionLockFree No other session has the lock
[element-web:info] getSessionLock[ab402e04-1347-4f15-9aca-bbd5da88e2be] No other session has the lock: proceeding with startup
[element-web:debug] No previous session found.
[element-web:debug] showScreenAfterLogin: showing screen login
[element-web:debug] showScreen login
[element-web:debug] MatrixChat: handling action view_welcome_page
[element-web:debug] MatrixChat: Queuing change of view from LOADING to WELCOME
[element-web:debug] newscreen welcome
[element-web:debug] MatrixChat: handling action start_login
[element-web:debug] MatrixChat: Queuing change of view from LOADING to LOGIN
[element-web:warning] Recording already started for: mx_PageChange
[element-web:debug] newscreen login
[element-web:debug] FetchHttpApi: --> GET https://matrix.test/_matrix/client/versions
[element-web:debug] FetchHttpApi: <-- GET https://matrix.test/_matrix/client/versions [3ms 200]
[element-web:debug] FetchHttpApi: --> GET https://matrix.test/_matrix/client/unstable/org.matrix.msc2965/auth_metadata
[element-web:debug] FetchHttpApi: <-- GET https://matrix.test/_matrix/client/unstable/org.matrix.msc2965/auth_metadata [3ms 200]
[element-web:error] Failed to get oidc native flow Error: Dynamic registration not supported
    at d (https://element.test/bundles/cf3bb8c0811189dfa3be/7837.js:2:346785)
    at https://element.test/bundles/cf3bb8c0811189dfa3be/element-web-app.js:1:38545
    at async P (https://element.test/bundles/cf3bb8c0811189dfa3be/element-web-app.js:1:38293)
    at async T.getFlows (https://element.test/bundles/cf3bb8c0811189dfa3be/element-web-app.js:1:37189)
[element-web:debug] FetchHttpApi: --> GET https://matrix.test/_matrix/client/v3/login
[element-web:debug] FetchHttpApi: <-- GET https://matrix.test/_matrix/client/v3/login [6ms 200]
[element-web:debug] Skipping flow {type: m.login.token} due to unsupported login type m.login.token
[element-web:debug] FetchHttpApi: --> POST https://matrix.test/_matrix/client/v3/login
[element-web:debug] FetchHttpApi: <-- POST https://matrix.test/_matrix/client/v3/login [172ms 200]
[element-web:debug] Overrode homeserver setting with https://matrix.test from login response
[element-web:debug] Created pickle key for @elementweb_1781059320_11960:matrix.test|tzK5aqoufbA1pLyq
[element-web:debug] setLoggedIn: mxid: @elementweb_1781059320_11960:matrix.test deviceId: tzK5aqoufbA1pLyq guest: false hs: https://matrix.test softLogout: false  freshLogin: true
[element-web] Detected setLoggedIn in console!
[element-web] login smoke passed
[element-web:info] Clearing storage, deleteEverything=undefined
[element-web:debug] Removing indexeddb instance: matrix-js-sdk:crypto
[element-web:info] Removing IndexedDB instance matrix-js-sdk::matrix-sdk-crypto
[element-web:debug] Removed indexeddb instance: matrix-js-sdk:crypto
[element-web:info] Removed IndexedDB instance matrix-js-sdk::matrix-sdk-crypto
[element-web:info] Removing IndexedDB instance matrix-js-sdk::matrix-sdk-crypto-meta
[element-web:info] Removed IndexedDB instance matrix-js-sdk::matrix-sdk-crypto-meta
