---
source: tests/integration/api_route_snapshots_tests.rs
assertion_line: 70
expression: body
---
{
  "flows": [
    {
      "type": "m.login.password"
    },
    {
      "type": "m.login.token"
    },
    {
      "type": "m.login.cas"
    },
    {
      "identity_providers": "[redacted_sso_providers]",
      "type": "m.login.sso"
    }
  ]
}
